Java HotSpot(TM) 64-Bit Server VM (25.311-b11) for windows-amd64 JRE (1.8.0_311-b11), built on Sep 27 2021 05:15:14 by "java_re" with MS VC++ 15.9 (VS2017)
Memory: 4k page, physical 16110084k(4781736k free), swap 34984452k(12887524k free)
CommandLine flags: -XX:InitialHeapSize=536870912 -XX:MaxHeapSize=536870912 -XX:MaxNewSize=178958336 -XX:MaxTenuringThreshold=6 -XX:NewSize=178958336 -XX:OldPLABSize=16 -XX:OldSize=357912576 -XX:+PrintGC -XX:+PrintGCDateStamps -XX:+PrintGCDetails -XX:+PrintGCTimeStamps -XX:+UseCompressedClassPointers -XX:+UseCompressedOops -XX:+UseConcMarkSweepGC -XX:-UseLargePagesIndividualAllocation -XX:+UseParNewGC 
2022-01-15T13:27:35.160+0800: 0.159: [GC (Allocation Failure) 2022-01-15T13:27:35.161+0800: 0.159: [ParNew: 139776K->17472K(157248K), 0.0060855 secs] 139776K->41745K(506816K), 0.0062869 secs] [Times: user=0.00 sys=0.00, real=0.01 secs] 
2022-01-15T13:27:35.188+0800: 0.187: [GC (Allocation Failure) 2022-01-15T13:27:35.188+0800: 0.187: [ParNew: 157248K->17472K(157248K), 0.0094203 secs] 181521K->89862K(506816K), 0.0094933 secs] [Times: user=0.11 sys=0.00, real=0.01 secs] 
2022-01-15T13:27:35.220+0800: 0.218: [GC (Allocation Failure) 2022-01-15T13:27:35.220+0800: 0.218: [ParNew: 157177K->17471K(157248K), 0.0170372 secs] 229568K->129639K(506816K), 0.0171086 secs] [Times: user=0.34 sys=0.05, real=0.02 secs] 
2022-01-15T13:27:35.257+0800: 0.256: [GC (Allocation Failure) 2022-01-15T13:27:35.257+0800: 0.256: [ParNew: 157247K->17472K(157248K), 0.0190366 secs] 269415K->174538K(506816K), 0.0191267 secs] [Times: user=0.14 sys=0.00, real=0.02 secs] 
2022-01-15T13:27:35.295+0800: 0.293: [GC (Allocation Failure) 2022-01-15T13:27:35.295+0800: 0.293: [ParNew: 157248K->17471K(157248K), 0.0179469 secs] 314314K->213842K(506816K), 0.0180504 secs] [Times: user=0.16 sys=0.01, real=0.02 secs] 
2022-01-15T13:27:35.313+0800: 0.311: [GC (CMS Initial Mark) [1 CMS-initial-mark: 196371K(349568K)] 213977K(506816K), 0.0001704 secs] [Times: user=0.00 sys=0.00, real=0.00 secs] 
2022-01-15T13:27:35.313+0800: 0.312: [CMS-concurrent-mark-start]
2022-01-15T13:27:35.314+0800: 0.313: [CMS-concurrent-mark: 0.001/0.001 secs] [Times: user=0.08 sys=0.02, real=0.00 secs] 
2022-01-15T13:27:35.314+0800: 0.313: [CMS-concurrent-preclean-start]
2022-01-15T13:27:35.314+0800: 0.313: [CMS-concurrent-preclean: 0.000/0.000 secs] [Times: user=0.00 sys=0.00, real=0.00 secs] 
2022-01-15T13:27:35.314+0800: 0.313: [CMS-concurrent-abortable-preclean-start]
2022-01-15T13:27:35.331+0800: 0.330: [GC (Allocation Failure) 2022-01-15T13:27:35.331+0800: 0.330: [ParNew: 157247K->17471K(157248K), 0.0178736 secs] 353618K->255890K(506816K), 0.0179639 secs] [Times: user=0.17 sys=0.03, real=0.02 secs] 
2022-01-15T13:27:35.367+0800: 0.365: [GC (Allocation Failure) 2022-01-15T13:27:35.367+0800: 0.365: [ParNew: 157227K->17471K(157248K), 0.0191134 secs] 395646K->301063K(506816K), 0.0192081 secs] [Times: user=0.19 sys=0.02, real=0.02 secs] 
2022-01-15T13:27:35.405+0800: 0.403: [GC (Allocation Failure) 2022-01-15T13:27:35.405+0800: 0.403: [ParNew: 157211K->17469K(157248K), 0.0191272 secs] 440803K->345915K(506816K), 0.0192094 secs] [Times: user=0.39 sys=0.02, real=0.02 secs] 
2022-01-15T13:27:35.424+0800: 0.423: [CMS-concurrent-abortable-preclean: 0.002/0.110 secs] [Times: user=0.80 sys=0.06, real=0.11 secs] 
2022-01-15T13:27:35.425+0800: 0.423: [GC (CMS Final Remark) [YG occupancy: 23295 K (157248 K)]2022-01-15T13:27:35.425+0800: 0.423: [Rescan (parallel) , 0.0001471 secs]2022-01-15T13:27:35.425+0800: 0.423: [weak refs processing, 0.0000166 secs]2022-01-15T13:27:35.425+0800: 0.423: [class unloading, 0.0002486 secs]2022-01-15T13:27:35.425+0800: 0.424: [scrub symbol table, 0.0004348 secs]2022-01-15T13:27:35.425+0800: 0.424: [scrub string table, 0.0001013 secs][1 CMS-remark: 328446K(349568K)] 351742K(506816K), 0.0009964 secs] [Times: user=0.00 sys=0.00, real=0.00 secs] 
2022-01-15T13:27:35.426+0800: 0.424: [CMS-concurrent-sweep-start]
2022-01-15T13:27:35.426+0800: 0.425: [CMS-concurrent-sweep: 0.001/0.001 secs] [Times: user=0.00 sys=0.00, real=0.00 secs] 
2022-01-15T13:27:35.426+0800: 0.425: [CMS-concurrent-reset-start]
2022-01-15T13:27:35.427+0800: 0.426: [CMS-concurrent-reset: 0.001/0.001 secs] [Times: user=0.00 sys=0.00, real=0.00 secs] 
2022-01-15T13:27:35.443+0800: 0.442: [GC (Allocation Failure) 2022-01-15T13:27:35.443+0800: 0.442: [ParNew: 157245K->17467K(157248K), 0.0086161 secs] 442184K->347301K(506816K), 0.0086986 secs] [Times: user=0.00 sys=0.00, real=0.01 secs] 
2022-01-15T13:27:35.452+0800: 0.451: [GC (CMS Initial Mark) [1 CMS-initial-mark: 329833K(349568K)] 347373K(506816K), 0.0001488 secs] [Times: user=0.00 sys=0.00, real=0.00 secs] 
2022-01-15T13:27:35.452+0800: 0.451: [CMS-concurrent-mark-start]
2022-01-15T13:27:35.453+0800: 0.451: [CMS-concurrent-mark: 0.001/0.001 secs] [Times: user=0.00 sys=0.00, real=0.00 secs] 
2022-01-15T13:27:35.453+0800: 0.451: [CMS-concurrent-preclean-start]
2022-01-15T13:27:35.453+0800: 0.452: [CMS-concurrent-preclean: 0.000/0.000 secs] [Times: user=0.00 sys=0.00, real=0.00 secs] 
2022-01-15T13:27:35.453+0800: 0.452: [CMS-concurrent-abortable-preclean-start]
2022-01-15T13:27:35.453+0800: 0.452: [CMS-concurrent-abortable-preclean: 0.000/0.000 secs] [Times: user=0.00 sys=0.00, real=0.00 secs] 
2022-01-15T13:27:35.453+0800: 0.452: [GC (CMS Final Remark) [YG occupancy: 26797 K (157248 K)]2022-01-15T13:27:35.453+0800: 0.452: [Rescan (parallel) , 0.0001401 secs]2022-01-15T13:27:35.453+0800: 0.452: [weak refs processing, 0.0000079 secs]2022-01-15T13:27:35.453+0800: 0.452: [class unloading, 0.0002160 secs]2022-01-15T13:27:35.453+0800: 0.452: [scrub symbol table, 0.0004078 secs]2022-01-15T13:27:35.454+0800: 0.452: [scrub string table, 0.0000953 secs][1 CMS-remark: 329833K(349568K)] 356631K(506816K), 0.0009070 secs] [Times: user=0.00 sys=0.00, real=0.00 secs] 
2022-01-15T13:27:35.454+0800: 0.453: [CMS-concurrent-sweep-start]
2022-01-15T13:27:35.455+0800: 0.453: [CMS-concurrent-sweep: 0.001/0.001 secs] [Times: user=0.03 sys=0.00, real=0.00 secs] 
2022-01-15T13:27:35.455+0800: 0.453: [CMS-concurrent-reset-start]
2022-01-15T13:27:35.455+0800: 0.454: [CMS-concurrent-reset: 0.001/0.001 secs] [Times: user=0.00 sys=0.00, real=0.00 secs] 
2022-01-15T13:27:35.471+0800: 0.470: [GC (Allocation Failure) 2022-01-15T13:27:35.471+0800: 0.470: [ParNew: 157243K->17469K(157248K), 0.0083303 secs] 399541K->306766K(506816K), 0.0084089 secs] [Times: user=0.00 sys=0.00, real=0.01 secs] 
2022-01-15T13:27:35.480+0800: 0.478: [GC (CMS Initial Mark) [1 CMS-initial-mark: 289296K(349568K)] 306909K(506816K), 0.0001408 secs] [Times: user=0.00 sys=0.00, real=0.00 secs] 
2022-01-15T13:27:35.480+0800: 0.478: [CMS-concurrent-mark-start]
2022-01-15T13:27:35.480+0800: 0.479: [CMS-concurrent-mark: 0.001/0.001 secs] [Times: user=0.00 sys=0.00, real=0.00 secs] 
2022-01-15T13:27:35.480+0800: 0.479: [CMS-concurrent-preclean-start]
2022-01-15T13:27:35.481+0800: 0.479: [CMS-concurrent-preclean: 0.000/0.000 secs] [Times: user=0.00 sys=0.00, real=0.00 secs] 
2022-01-15T13:27:35.481+0800: 0.479: [CMS-concurrent-abortable-preclean-start]
2022-01-15T13:27:35.499+0800: 0.497: [GC (Allocation Failure) 2022-01-15T13:27:35.499+0800: 0.497: [ParNew: 157245K->17471K(157248K), 0.0099908 secs] 446542K->351701K(506816K), 0.0100633 secs] [Times: user=0.20 sys=0.00, real=0.01 secs] 
2022-01-15T13:27:35.509+0800: 0.507: [CMS-concurrent-abortable-preclean: 0.000/0.028 secs] [Times: user=0.22 sys=0.00, real=0.03 secs] 
2022-01-15T13:27:35.509+0800: 0.508: [GC (CMS Final Remark) [YG occupancy: 20956 K (157248 K)]2022-01-15T13:27:35.509+0800: 0.508: [Rescan (parallel) , 0.0002330 secs]2022-01-15T13:27:35.509+0800: 0.508: [weak refs processing, 0.0000103 secs]2022-01-15T13:27:35.509+0800: 0.508: [class unloading, 0.0002106 secs]2022-01-15T13:27:35.509+0800: 0.508: [scrub symbol table, 0.0003809 secs]2022-01-15T13:27:35.510+0800: 0.508: [scrub string table, 0.0000940 secs][1 CMS-remark: 334229K(349568K)] 355185K(506816K), 0.0009855 secs] [Times: user=0.00 sys=0.00, real=0.00 secs] 
2022-01-15T13:27:35.510+0800: 0.509: [CMS-concurrent-sweep-start]
2022-01-15T13:27:35.511+0800: 0.509: [CMS-concurrent-sweep: 0.001/0.001 secs] [Times: user=0.00 sys=0.00, real=0.00 secs] 
2022-01-15T13:27:35.511+0800: 0.509: [CMS-concurrent-reset-start]
2022-01-15T13:27:35.511+0800: 0.510: [CMS-concurrent-reset: 0.001/0.001 secs] [Times: user=0.00 sys=0.00, real=0.00 secs] 
2022-01-15T13:27:35.529+0800: 0.528: [GC (Allocation Failure) 2022-01-15T13:27:35.529+0800: 0.528: [ParNew: 157247K->157247K(157248K), 0.0000207 secs]2022-01-15T13:27:35.529+0800: 0.528: [CMS: 305234K->292338K(349568K), 0.0435298 secs] 462481K->292338K(506816K), [Metaspace: 3369K->3369K(1056768K)], 0.0436761 secs] [Times: user=0.05 sys=0.00, real=0.04 secs] 
2022-01-15T13:27:35.573+0800: 0.572: [GC (CMS Initial Mark) [1 CMS-initial-mark: 292338K(349568K)] 293095K(506816K), 0.0001704 secs] [Times: user=0.00 sys=0.00, real=0.00 secs] 
2022-01-15T13:27:35.573+0800: 0.572: [CMS-concurrent-mark-start]
2022-01-15T13:27:35.574+0800: 0.573: [CMS-concurrent-mark: 0.001/0.001 secs] [Times: user=0.00 sys=0.00, real=0.00 secs] 
2022-01-15T13:27:35.574+0800: 0.573: [CMS-concurrent-preclean-start]
2022-01-15T13:27:35.574+0800: 0.573: [CMS-concurrent-preclean: 0.000/0.000 secs] [Times: user=0.00 sys=0.00, real=0.00 secs] 
2022-01-15T13:27:35.574+0800: 0.573: [CMS-concurrent-abortable-preclean-start]
2022-01-15T13:27:35.593+0800: 0.591: [GC (Allocation Failure) 2022-01-15T13:27:35.593+0800: 0.591: [ParNew: 139776K->17471K(157248K), 0.0051990 secs] 432114K->337748K(506816K), 0.0052956 secs] [Times: user=0.20 sys=0.00, real=0.01 secs] 
2022-01-15T13:27:35.617+0800: 0.616: [GC (Allocation Failure) 2022-01-15T13:27:35.617+0800: 0.616: [ParNew: 157247K->157247K(157248K), 0.0000244 secs]2022-01-15T13:27:35.617+0800: 0.616: [CMS2022-01-15T13:27:35.618+0800: 0.616: [CMS-concurrent-abortable-preclean: 0.002/0.043 secs] [Times: user=0.23 sys=0.00, real=0.04 secs] 
 (concurrent mode failure): 320277K->316757K(349568K), 0.0416152 secs] 477524K->316757K(506816K), [Metaspace: 3369K->3369K(1056768K)], 0.0417305 secs] [Times: user=0.05 sys=0.00, real=0.04 secs] 
2022-01-15T13:27:35.677+0800: 0.676: [GC (Allocation Failure) 2022-01-15T13:27:35.677+0800: 0.676: [ParNew: 139776K->17471K(157248K), 0.0094927 secs] 456533K->366037K(506816K), 0.0095616 secs] [Times: user=0.00 sys=0.00, real=0.01 secs] 
2022-01-15T13:27:35.687+0800: 0.686: [GC (CMS Initial Mark) [1 CMS-initial-mark: 348565K(349568K)] 366457K(506816K), 0.0001509 secs] [Times: user=0.00 sys=0.00, real=0.00 secs] 
2022-01-15T13:27:35.687+0800: 0.686: [CMS-concurrent-mark-start]
2022-01-15T13:27:35.688+0800: 0.686: [CMS-concurrent-mark: 0.001/0.001 secs] [Times: user=0.00 sys=0.00, real=0.00 secs] 
2022-01-15T13:27:35.688+0800: 0.686: [CMS-concurrent-preclean-start]
2022-01-15T13:27:35.688+0800: 0.687: [CMS-concurrent-preclean: 0.000/0.000 secs] [Times: user=0.00 sys=0.00, real=0.00 secs] 
2022-01-15T13:27:35.688+0800: 0.687: [CMS-concurrent-abortable-preclean-start]
2022-01-15T13:27:35.688+0800: 0.687: [CMS-concurrent-abortable-preclean: 0.000/0.000 secs] [Times: user=0.00 sys=0.00, real=0.00 secs] 
2022-01-15T13:27:35.688+0800: 0.687: [GC (CMS Final Remark) [YG occupancy: 26242 K (157248 K)]2022-01-15T13:27:35.688+0800: 0.687: [Rescan (parallel) , 0.0001685 secs]2022-01-15T13:27:35.688+0800: 0.687: [weak refs processing, 0.0000070 secs]2022-01-15T13:27:35.688+0800: 0.687: [class unloading, 0.0002084 secs]2022-01-15T13:27:35.689+0800: 0.687: [scrub symbol table, 0.0003617 secs]2022-01-15T13:27:35.689+0800: 0.688: [scrub string table, 0.0000968 secs][1 CMS-remark: 348565K(349568K)] 374807K(506816K), 0.0008832 secs] [Times: user=0.02 sys=0.00, real=0.00 secs] 
2022-01-15T13:27:35.689+0800: 0.688: [CMS-concurrent-sweep-start]
2022-01-15T13:27:35.689+0800: 0.688: [CMS-concurrent-sweep: 0.000/0.000 secs] [Times: user=0.00 sys=0.00, real=0.00 secs] 
2022-01-15T13:27:35.689+0800: 0.688: [CMS-concurrent-reset-start]
2022-01-15T13:27:35.690+0800: 0.689: [CMS-concurrent-reset: 0.001/0.001 secs] [Times: user=0.00 sys=0.00, real=0.00 secs] 
2022-01-15T13:27:35.706+0800: 0.705: [GC (Allocation Failure) 2022-01-15T13:27:35.707+0800: 0.705: [ParNew (promotion failed): 157034K->157034K(157248K), 0.0080823 secs]2022-01-15T13:27:35.715+0800: 0.713: [CMS: 347425K->319409K(349568K), 0.0407915 secs] 462952K->319409K(506816K), [Metaspace: 3369K->3369K(1056768K)], 0.0489827 secs] [Times: user=0.05 sys=0.00, real=0.05 secs] 
2022-01-15T13:27:35.756+0800: 0.754: [GC (CMS Initial Mark) [1 CMS-initial-mark: 319409K(349568K)] 319635K(506816K), 0.0001768 secs] [Times: user=0.00 sys=0.00, real=0.00 secs] 
2022-01-15T13:27:35.756+0800: 0.755: [CMS-concurrent-mark-start]
2022-01-15T13:27:35.756+0800: 0.755: [CMS-concurrent-mark: 0.001/0.001 secs] [Times: user=0.00 sys=0.00, real=0.00 secs] 
2022-01-15T13:27:35.756+0800: 0.755: [CMS-concurrent-preclean-start]
2022-01-15T13:27:35.757+0800: 0.756: [CMS-concurrent-preclean: 0.000/0.000 secs] [Times: user=0.00 sys=0.00, real=0.00 secs] 
2022-01-15T13:27:35.757+0800: 0.756: [CMS-concurrent-abortable-preclean-start]
2022-01-15T13:27:35.775+0800: 0.773: [GC (Allocation Failure) 2022-01-15T13:27:35.775+0800: 0.773: [ParNew: 139219K->139219K(157248K), 0.0000161 secs]2022-01-15T13:27:35.775+0800: 0.773: [CMS2022-01-15T13:27:35.775+0800: 0.773: [CMS-concurrent-abortable-preclean: 0.000/0.018 secs] [Times: user=0.01 sys=0.00, real=0.02 secs] 
 (concurrent mode failure): 319409K->327111K(349568K), 0.0425000 secs] 458628K->327111K(506816K), [Metaspace: 3369K->3369K(1056768K)], 0.0425900 secs] [Times: user=0.05 sys=0.00, real=0.04 secs] 
2022-01-15T13:27:35.838+0800: 0.837: [GC (Allocation Failure) 2022-01-15T13:27:35.838+0800: 0.837: [ParNew: 139776K->139776K(157248K), 0.0000220 secs]2022-01-15T13:27:35.839+0800: 0.837: [CMS: 327111K->330878K(349568K), 0.0446523 secs] 466887K->330878K(506816K), [Metaspace: 3369K->3369K(1056768K)], 0.0447522 secs] [Times: user=0.05 sys=0.00, real=0.04 secs] 
2022-01-15T13:27:35.883+0800: 0.882: [GC (CMS Initial Mark) [1 CMS-initial-mark: 330878K(349568K)] 331133K(506816K), 0.0001675 secs] [Times: user=0.00 sys=0.00, real=0.00 secs] 
2022-01-15T13:27:35.883+0800: 0.882: [CMS-concurrent-mark-start]
2022-01-15T13:27:35.884+0800: 0.883: [CMS-concurrent-mark: 0.001/0.001 secs] [Times: user=0.00 sys=0.00, real=0.00 secs] 
2022-01-15T13:27:35.884+0800: 0.883: [CMS-concurrent-preclean-start]
2022-01-15T13:27:35.885+0800: 0.883: [CMS-concurrent-preclean: 0.001/0.001 secs] [Times: user=0.00 sys=0.00, real=0.00 secs] 
2022-01-15T13:27:35.885+0800: 0.883: [CMS-concurrent-abortable-preclean-start]
2022-01-15T13:27:35.902+0800: 0.901: [GC (Allocation Failure) 2022-01-15T13:27:35.902+0800: 0.901: [ParNew: 139776K->139776K(157248K), 0.0000173 secs]2022-01-15T13:27:35.902+0800: 0.901: [CMS2022-01-15T13:27:35.902+0800: 0.901: [CMS-concurrent-abortable-preclean: 0.000/0.017 secs] [Times: user=0.01 sys=0.00, real=0.02 secs] 
 (concurrent mode failure): 330878K->337771K(349568K), 0.0429367 secs] 470654K->337771K(506816K), [Metaspace: 3369K->3369K(1056768K)], 0.0430375 secs] [Times: user=0.05 sys=0.00, real=0.04 secs] 
2022-01-15T13:27:35.963+0800: 0.962: [GC (Allocation Failure) 2022-01-15T13:27:35.963+0800: 0.962: [ParNew: 139699K->139699K(157248K), 0.0000185 secs]2022-01-15T13:27:35.963+0800: 0.962: [CMS: 337771K->349269K(349568K), 0.0421883 secs] 477471K->349269K(506816K), [Metaspace: 3369K->3369K(1056768K)], 0.0422957 secs] [Times: user=0.05 sys=0.00, real=0.04 secs] 
2022-01-15T13:27:36.005+0800: 1.004: [GC (CMS Initial Mark) [1 CMS-initial-mark: 349269K(349568K)] 349381K(506816K), 0.0002750 secs] [Times: user=0.00 sys=0.00, real=0.00 secs] 
2022-01-15T13:27:36.006+0800: 1.005: [CMS-concurrent-mark-start]
2022-01-15T13:27:36.006+0800: 1.005: [CMS-concurrent-mark: 0.001/0.001 secs] [Times: user=0.00 sys=0.00, real=0.00 secs] 
2022-01-15T13:27:36.006+0800: 1.005: [CMS-concurrent-preclean-start]
2022-01-15T13:27:36.007+0800: 1.006: [CMS-concurrent-preclean: 0.001/0.001 secs] [Times: user=0.00 sys=0.00, real=0.00 secs] 
2022-01-15T13:27:36.007+0800: 1.006: [CMS-concurrent-abortable-preclean-start]
2022-01-15T13:27:36.007+0800: 1.006: [CMS-concurrent-abortable-preclean: 0.000/0.000 secs] [Times: user=0.00 sys=0.00, real=0.00 secs] 
2022-01-15T13:27:36.007+0800: 1.006: [GC (CMS Final Remark) [YG occupancy: 10823 K (157248 K)]2022-01-15T13:27:36.007+0800: 1.006: [Rescan (parallel) , 0.0001571 secs]2022-01-15T13:27:36.007+0800: 1.006: [weak refs processing, 0.0000099 secs]2022-01-15T13:27:36.007+0800: 1.006: [class unloading, 0.0002058 secs]2022-01-15T13:27:36.007+0800: 1.006: [scrub symbol table, 0.0003634 secs]2022-01-15T13:27:36.008+0800: 1.007: [scrub string table, 0.0000931 secs][1 CMS-remark: 349269K(349568K)] 360092K(506816K), 0.0008800 secs] [Times: user=0.00 sys=0.00, real=0.00 secs] 
2022-01-15T13:27:36.008+0800: 1.007: [CMS-concurrent-sweep-start]
2022-01-15T13:27:36.008+0800: 1.007: [CMS-concurrent-sweep: 0.000/0.000 secs] [Times: user=0.00 sys=0.00, real=0.00 secs] 
2022-01-15T13:27:36.008+0800: 1.007: [CMS-concurrent-reset-start]
2022-01-15T13:27:36.009+0800: 1.007: [CMS-concurrent-reset: 0.000/0.000 secs] [Times: user=0.00 sys=0.00, real=0.00 secs] 
2022-01-15T13:27:36.024+0800: 1.023: [GC (Allocation Failure) 2022-01-15T13:27:36.024+0800: 1.023: [ParNew: 139776K->139776K(157248K), 0.0000208 secs]2022-01-15T13:27:36.024+0800: 1.023: [CMS: 349037K->349327K(349568K), 0.0427945 secs] 488813K->354295K(506816K), [Metaspace: 3369K->3369K(1056768K)], 0.0429143 secs] [Times: user=0.05 sys=0.00, real=0.04 secs] 
2022-01-15T13:27:36.067+0800: 1.066: [GC (CMS Initial Mark) [1 CMS-initial-mark: 349327K(349568K)] 354631K(506816K), 0.0004445 secs] [Times: user=0.00 sys=0.00, real=0.00 secs] 
2022-01-15T13:27:36.069+0800: 1.067: [CMS-concurrent-mark-start]
2022-01-15T13:27:36.069+0800: 1.067: [CMS-concurrent-mark: 0.001/0.001 secs] [Times: user=0.00 sys=0.00, real=0.00 secs] 
2022-01-15T13:27:36.069+0800: 1.067: [CMS-concurrent-preclean-start]
2022-01-15T13:27:36.070+0800: 1.068: [CMS-concurrent-preclean: 0.001/0.001 secs] [Times: user=0.00 sys=0.00, real=0.00 secs] 
2022-01-15T13:27:36.070+0800: 1.068: [CMS-concurrent-abortable-preclean-start]
2022-01-15T13:27:36.070+0800: 1.068: [CMS-concurrent-abortable-preclean: 0.000/0.000 secs] [Times: user=0.00 sys=0.00, real=0.00 secs] 
2022-01-15T13:27:36.070+0800: 1.068: [GC (CMS Final Remark) [YG occupancy: 19170 K (157248 K)]2022-01-15T13:27:36.070+0800: 1.068: [Rescan (parallel) , 0.0002455 secs]2022-01-15T13:27:36.070+0800: 1.069: [weak refs processing, 0.0000105 secs]2022-01-15T13:27:36.070+0800: 1.069: [class unloading, 0.0002198 secs]2022-01-15T13:27:36.071+0800: 1.069: [scrub symbol table, 0.0003923 secs]2022-01-15T13:27:36.071+0800: 1.069: [scrub string table, 0.0001204 secs][1 CMS-remark: 349327K(349568K)] 368497K(506816K), 0.0010378 secs] [Times: user=0.00 sys=0.00, real=0.00 secs] 
2022-01-15T13:27:36.071+0800: 1.069: [CMS-concurrent-sweep-start]
2022-01-15T13:27:36.071+0800: 1.070: [CMS-concurrent-sweep: 0.000/0.000 secs] [Times: user=0.00 sys=0.00, real=0.00 secs] 
2022-01-15T13:27:36.071+0800: 1.070: [CMS-concurrent-reset-start]
2022-01-15T13:27:36.072+0800: 1.070: [CMS-concurrent-reset: 0.000/0.000 secs] [Times: user=0.00 sys=0.00, real=0.00 secs] 
2022-01-15T13:27:36.088+0800: 1.086: [GC (Allocation Failure) 2022-01-15T13:27:36.088+0800: 1.086: [ParNew: 156868K->156868K(157248K), 0.0000156 secs]2022-01-15T13:27:36.088+0800: 1.086: [CMS: 348908K->349500K(349568K), 0.0440058 secs] 505776K->358259K(506816K), [Metaspace: 3890K->3890K(1056768K)], 0.0440992 secs] [Times: user=0.05 sys=0.00, real=0.04 secs] 
2022-01-15T13:27:36.132+0800: 1.131: [GC (CMS Initial Mark) [1 CMS-initial-mark: 349500K(349568K)] 358701K(506816K), 0.0003202 secs] [Times: user=0.00 sys=0.00, real=0.00 secs] 
2022-01-15T13:27:36.132+0800: 1.131: [CMS-concurrent-mark-start]
Heap
 par new generation   total 157248K, used 13384K [0x00000000e0000000, 0x00000000eaaa0000, 0x00000000eaaa0000)
  eden space 139776K,   9% used [0x00000000e0000000, 0x00000000e0d12148, 0x00000000e8880000)
  from space 17472K,   0% used [0x00000000e8880000, 0x00000000e8880000, 0x00000000e9990000)
  to   space 17472K,   0% used [0x00000000e9990000, 0x00000000e9990000, 0x00000000eaaa0000)
 concurrent mark-sweep generation total 349568K, used 349500K [0x00000000eaaa0000, 0x0000000100000000, 0x0000000100000000)
 Metaspace       used 3897K, capacity 4572K, committed 4864K, reserved 1056768K
  class space    used 431K, capacity 460K, committed 512K, reserved 1048576K
