Java HotSpot(TM) 64-Bit Server VM (25.311-b11) for windows-amd64 JRE (1.8.0_311-b11), built on Sep 27 2021 05:15:14 by "java_re" with MS VC++ 15.9 (VS2017)
Memory: 4k page, physical 16110084k(3915136k free), swap 34984452k(11491844k free)
CommandLine flags: -XX:InitialHeapSize=1073741824 -XX:MaxHeapSize=1073741824 -XX:+PrintGC -XX:+PrintGCDateStamps -XX:+PrintGCDetails -XX:+PrintGCTimeStamps -XX:+UseCompressedClassPointers -XX:+UseCompressedOops -XX:+UseG1GC -XX:-UseLargePagesIndividualAllocation 
2022-01-15T13:52:57.878+0800: 0.119: [GC pause (G1 Evacuation Pause) (young), 0.0025795 secs]
   [Parallel Time: 2.0 ms, GC Workers: 13]
      [GC Worker Start (ms): Min: 118.8, Avg: 118.8, Max: 118.9, Diff: 0.1]
      [Ext Root Scanning (ms): Min: 0.1, Avg: 0.2, Max: 0.3, Diff: 0.2, Sum: 2.1]
      [Update RS (ms): Min: 0.0, Avg: 0.0, Max: 0.0, Diff: 0.0, Sum: 0.0]
         [Processed Buffers: Min: 0, Avg: 0.0, Max: 0, Diff: 0, Sum: 0]
      [Scan RS (ms): Min: 0.0, Avg: 0.0, Max: 0.0, Diff: 0.0, Sum: 0.1]
      [Code Root Scanning (ms): Min: 0.0, Avg: 0.0, Max: 0.0, Diff: 0.0, Sum: 0.0]
      [Object Copy (ms): Min: 1.4, Avg: 1.6, Max: 1.8, Diff: 0.3, Sum: 21.1]
      [Termination (ms): Min: 0.0, Avg: 0.1, Max: 0.2, Diff: 0.2, Sum: 1.6]
         [Termination Attempts: Min: 1, Avg: 1.0, Max: 1, Diff: 0, Sum: 13]
      [GC Worker Other (ms): Min: 0.0, Avg: 0.0, Max: 0.0, Diff: 0.0, Sum: 0.4]
      [GC Worker Total (ms): Min: 1.9, Avg: 1.9, Max: 2.0, Diff: 0.1, Sum: 25.2]
      [GC Worker End (ms): Min: 120.8, Avg: 120.8, Max: 120.8, Diff: 0.0]
   [Code Root Fixup: 0.0 ms]
   [Code Root Purge: 0.0 ms]
   [Clear CT: 0.1 ms]
   [Other: 0.5 ms]
      [Choose CSet: 0.0 ms]
      [Ref Proc: 0.1 ms]
      [Ref Enq: 0.0 ms]
      [Redirty Cards: 0.1 ms]
      [Humongous Register: 0.0 ms]
      [Humongous Reclaim: 0.0 ms]
      [Free CSet: 0.0 ms]
   [Eden: 51.0M(51.0M)->0.0B(44.0M) Survivors: 0.0B->7168.0K Heap: 65.7M(1024.0M)->22.7M(1024.0M)]
 [Times: user=0.00 sys=0.00, real=0.00 secs] 
2022-01-15T13:52:57.890+0800: 0.130: [GC pause (G1 Evacuation Pause) (young), 0.0027985 secs]
   [Parallel Time: 2.3 ms, GC Workers: 13]
      [GC Worker Start (ms): Min: 130.2, Avg: 130.2, Max: 130.3, Diff: 0.1]
      [Ext Root Scanning (ms): Min: 0.1, Avg: 0.1, Max: 0.3, Diff: 0.2, Sum: 1.6]
      [Update RS (ms): Min: 0.0, Avg: 0.0, Max: 0.0, Diff: 0.0, Sum: 0.1]
         [Processed Buffers: Min: 0, Avg: 0.4, Max: 1, Diff: 1, Sum: 5]
      [Scan RS (ms): Min: 0.0, Avg: 0.0, Max: 0.0, Diff: 0.0, Sum: 0.1]
      [Code Root Scanning (ms): Min: 0.0, Avg: 0.0, Max: 0.0, Diff: 0.0, Sum: 0.0]
      [Object Copy (ms): Min: 1.7, Avg: 1.8, Max: 2.0, Diff: 0.3, Sum: 23.8]
      [Termination (ms): Min: 0.0, Avg: 0.2, Max: 0.3, Diff: 0.3, Sum: 2.4]
         [Termination Attempts: Min: 1, Avg: 1.0, Max: 1, Diff: 0, Sum: 13]
      [GC Worker Other (ms): Min: 0.0, Avg: 0.0, Max: 0.0, Diff: 0.0, Sum: 0.3]
      [GC Worker Total (ms): Min: 2.1, Avg: 2.2, Max: 2.2, Diff: 0.1, Sum: 28.2]
      [GC Worker End (ms): Min: 132.4, Avg: 132.4, Max: 132.4, Diff: 0.0]
   [Code Root Fixup: 0.0 ms]
   [Code Root Purge: 0.0 ms]
   [Clear CT: 0.1 ms]
   [Other: 0.4 ms]
      [Choose CSet: 0.0 ms]
      [Ref Proc: 0.1 ms]
      [Ref Enq: 0.0 ms]
      [Redirty Cards: 0.1 ms]
      [Humongous Register: 0.0 ms]
      [Humongous Reclaim: 0.0 ms]
      [Free CSet: 0.0 ms]
   [Eden: 44.0M(44.0M)->0.0B(44.0M) Survivors: 7168.0K->7168.0K Heap: 77.2M(1024.0M)->39.5M(1024.0M)]
 [Times: user=0.00 sys=0.00, real=0.00 secs] 
2022-01-15T13:52:57.906+0800: 0.146: [GC pause (G1 Evacuation Pause) (young), 0.0030848 secs]
   [Parallel Time: 2.6 ms, GC Workers: 13]
      [GC Worker Start (ms): Min: 146.4, Avg: 146.5, Max: 146.5, Diff: 0.1]
      [Ext Root Scanning (ms): Min: 0.1, Avg: 0.1, Max: 0.1, Diff: 0.1, Sum: 1.4]
      [Update RS (ms): Min: 0.2, Avg: 0.3, Max: 0.7, Diff: 0.4, Sum: 3.4]
         [Processed Buffers: Min: 1, Avg: 4.1, Max: 7, Diff: 6, Sum: 53]
      [Scan RS (ms): Min: 0.0, Avg: 0.0, Max: 0.0, Diff: 0.0, Sum: 0.1]
      [Code Root Scanning (ms): Min: 0.0, Avg: 0.0, Max: 0.0, Diff: 0.0, Sum: 0.0]
      [Object Copy (ms): Min: 1.7, Avg: 1.9, Max: 2.0, Diff: 0.3, Sum: 25.1]
      [Termination (ms): Min: 0.0, Avg: 0.2, Max: 0.3, Diff: 0.3, Sum: 2.0]
         [Termination Attempts: Min: 1, Avg: 1.0, Max: 1, Diff: 0, Sum: 13]
      [GC Worker Other (ms): Min: 0.0, Avg: 0.0, Max: 0.0, Diff: 0.0, Sum: 0.3]
      [GC Worker Total (ms): Min: 2.4, Avg: 2.5, Max: 2.5, Diff: 0.1, Sum: 32.2]
      [GC Worker End (ms): Min: 148.9, Avg: 148.9, Max: 149.0, Diff: 0.0]
   [Code Root Fixup: 0.0 ms]
   [Code Root Purge: 0.0 ms]
   [Clear CT: 0.1 ms]
   [Other: 0.4 ms]
      [Choose CSet: 0.0 ms]
      [Ref Proc: 0.1 ms]
      [Ref Enq: 0.0 ms]
      [Redirty Cards: 0.1 ms]
      [Humongous Register: 0.0 ms]
      [Humongous Reclaim: 0.0 ms]
      [Free CSet: 0.0 ms]
   [Eden: 44.0M(44.0M)->0.0B(69.0M) Survivors: 7168.0K->7168.0K Heap: 97.7M(1024.0M)->60.7M(1024.0M)]
 [Times: user=0.05 sys=0.16, real=0.00 secs] 
2022-01-15T13:52:57.927+0800: 0.168: [GC pause (G1 Evacuation Pause) (young), 0.0044216 secs]
   [Parallel Time: 3.7 ms, GC Workers: 13]
      [GC Worker Start (ms): Min: 167.7, Avg: 167.7, Max: 167.9, Diff: 0.2]
      [Ext Root Scanning (ms): Min: 0.0, Avg: 0.1, Max: 0.2, Diff: 0.2, Sum: 1.4]
      [Update RS (ms): Min: 0.4, Avg: 0.4, Max: 0.4, Diff: 0.0, Sum: 5.2]
         [Processed Buffers: Min: 1, Avg: 6.6, Max: 12, Diff: 11, Sum: 86]
      [Scan RS (ms): Min: 0.0, Avg: 0.0, Max: 0.0, Diff: 0.0, Sum: 0.1]
      [Code Root Scanning (ms): Min: 0.0, Avg: 0.0, Max: 0.0, Diff: 0.0, Sum: 0.0]
      [Object Copy (ms): Min: 2.8, Avg: 2.9, Max: 3.1, Diff: 0.3, Sum: 37.7]
      [Termination (ms): Min: 0.0, Avg: 0.2, Max: 0.3, Diff: 0.3, Sum: 2.6]
         [Termination Attempts: Min: 1, Avg: 1.0, Max: 1, Diff: 0, Sum: 13]
      [GC Worker Other (ms): Min: 0.0, Avg: 0.0, Max: 0.0, Diff: 0.0, Sum: 0.3]
      [GC Worker Total (ms): Min: 3.5, Avg: 3.6, Max: 3.7, Diff: 0.2, Sum: 47.3]
      [GC Worker End (ms): Min: 171.4, Avg: 171.4, Max: 171.4, Diff: 0.0]
   [Code Root Fixup: 0.0 ms]
   [Code Root Purge: 0.0 ms]
   [Clear CT: 0.1 ms]
   [Other: 0.6 ms]
      [Choose CSet: 0.0 ms]
      [Ref Proc: 0.2 ms]
      [Ref Enq: 0.0 ms]
      [Redirty Cards: 0.1 ms]
      [Humongous Register: 0.0 ms]
      [Humongous Reclaim: 0.0 ms]
      [Free CSet: 0.0 ms]
   [Eden: 69.0M(69.0M)->0.0B(94.0M) Survivors: 7168.0K->10.0M Heap: 149.2M(1024.0M)->95.7M(1024.0M)]
 [Times: user=0.00 sys=0.00, real=0.00 secs] 
2022-01-15T13:52:57.953+0800: 0.194: [GC pause (G1 Evacuation Pause) (young), 0.0049764 secs]
   [Parallel Time: 4.4 ms, GC Workers: 13]
      [GC Worker Start (ms): Min: 194.0, Avg: 194.1, Max: 194.2, Diff: 0.2]
      [Ext Root Scanning (ms): Min: 0.0, Avg: 0.1, Max: 0.2, Diff: 0.2, Sum: 1.5]
      [Update RS (ms): Min: 0.5, Avg: 0.5, Max: 0.5, Diff: 0.0, Sum: 6.3]
         [Processed Buffers: Min: 4, Avg: 7.1, Max: 12, Diff: 8, Sum: 92]
      [Scan RS (ms): Min: 0.0, Avg: 0.0, Max: 0.0, Diff: 0.0, Sum: 0.1]
      [Code Root Scanning (ms): Min: 0.0, Avg: 0.0, Max: 0.0, Diff: 0.0, Sum: 0.0]
      [Object Copy (ms): Min: 3.4, Avg: 3.5, Max: 3.6, Diff: 0.2, Sum: 45.7]
      [Termination (ms): Min: 0.0, Avg: 0.1, Max: 0.2, Diff: 0.2, Sum: 1.4]
         [Termination Attempts: Min: 1, Avg: 1.2, Max: 2, Diff: 1, Sum: 16]
      [GC Worker Other (ms): Min: 0.0, Avg: 0.0, Max: 0.1, Diff: 0.0, Sum: 0.5]
      [GC Worker Total (ms): Min: 4.2, Avg: 4.3, Max: 4.3, Diff: 0.2, Sum: 55.7]
      [GC Worker End (ms): Min: 198.4, Avg: 198.4, Max: 198.4, Diff: 0.0]
   [Code Root Fixup: 0.0 ms]
   [Code Root Purge: 0.0 ms]
   [Clear CT: 0.1 ms]
   [Other: 0.5 ms]
      [Choose CSet: 0.0 ms]
      [Ref Proc: 0.1 ms]
      [Ref Enq: 0.0 ms]
      [Redirty Cards: 0.1 ms]
      [Humongous Register: 0.1 ms]
      [Humongous Reclaim: 0.0 ms]
      [Free CSet: 0.1 ms]
   [Eden: 94.0M(94.0M)->0.0B(447.0M) Survivors: 10.0M->13.0M Heap: 212.6M(1024.0M)->131.4M(1024.0M)]
 [Times: user=0.05 sys=0.16, real=0.00 secs] 
2022-01-15T13:52:58.100+0800: 0.340: [GC pause (G1 Evacuation Pause) (young), 0.0140808 secs]
   [Parallel Time: 13.2 ms, GC Workers: 13]
      [GC Worker Start (ms): Min: 340.5, Avg: 340.6, Max: 340.6, Diff: 0.1]
      [Ext Root Scanning (ms): Min: 0.1, Avg: 0.1, Max: 0.2, Diff: 0.1, Sum: 1.6]
      [Update RS (ms): Min: 0.1, Avg: 0.1, Max: 0.3, Diff: 0.2, Sum: 1.8]
         [Processed Buffers: Min: 0, Avg: 1.8, Max: 3, Diff: 3, Sum: 24]
      [Scan RS (ms): Min: 0.0, Avg: 0.1, Max: 0.1, Diff: 0.1, Sum: 0.7]
      [Code Root Scanning (ms): Min: 0.0, Avg: 0.0, Max: 0.0, Diff: 0.0, Sum: 0.0]
      [Object Copy (ms): Min: 12.5, Avg: 12.6, Max: 12.7, Diff: 0.2, Sum: 163.9]
      [Termination (ms): Min: 0.0, Avg: 0.1, Max: 0.2, Diff: 0.2, Sum: 1.6]
         [Termination Attempts: Min: 1, Avg: 1.2, Max: 2, Diff: 1, Sum: 15]
      [GC Worker Other (ms): Min: 0.0, Avg: 0.0, Max: 0.1, Diff: 0.0, Sum: 0.6]
      [GC Worker Total (ms): Min: 13.0, Avg: 13.1, Max: 13.1, Diff: 0.1, Sum: 170.1]
      [GC Worker End (ms): Min: 353.6, Avg: 353.7, Max: 353.7, Diff: 0.0]
   [Code Root Fixup: 0.0 ms]
   [Code Root Purge: 0.0 ms]
   [Clear CT: 0.2 ms]
   [Other: 0.7 ms]
      [Choose CSet: 0.0 ms]
      [Ref Proc: 0.1 ms]
      [Ref Enq: 0.0 ms]
      [Redirty Cards: 0.1 ms]
      [Humongous Register: 0.1 ms]
      [Humongous Reclaim: 0.1 ms]
      [Free CSet: 0.2 ms]
   [Eden: 414.0M(414.0M)->0.0B(81.0M) Survivors: 13.0M->54.0M Heap: 651.2M(1024.0M)->258.1M(1024.0M)]
 [Times: user=0.03 sys=0.17, real=0.01 secs] 
2022-01-15T13:52:58.127+0800: 0.367: [GC pause (G1 Evacuation Pause) (young), 0.0088993 secs]
   [Parallel Time: 8.2 ms, GC Workers: 13]
      [GC Worker Start (ms): Min: 367.4, Avg: 367.4, Max: 367.5, Diff: 0.1]
      [Ext Root Scanning (ms): Min: 0.1, Avg: 0.1, Max: 0.2, Diff: 0.1, Sum: 1.4]
      [Update RS (ms): Min: 0.1, Avg: 0.1, Max: 0.7, Diff: 0.6, Sum: 1.8]
         [Processed Buffers: Min: 0, Avg: 1.5, Max: 2, Diff: 2, Sum: 19]
      [Scan RS (ms): Min: 0.0, Avg: 0.0, Max: 0.0, Diff: 0.0, Sum: 0.2]
      [Code Root Scanning (ms): Min: 0.0, Avg: 0.0, Max: 0.0, Diff: 0.0, Sum: 0.0]
      [Object Copy (ms): Min: 7.1, Avg: 7.6, Max: 7.8, Diff: 0.7, Sum: 98.4]
      [Termination (ms): Min: 0.0, Avg: 0.2, Max: 0.4, Diff: 0.4, Sum: 2.3]
         [Termination Attempts: Min: 1, Avg: 2.3, Max: 4, Diff: 3, Sum: 30]
      [GC Worker Other (ms): Min: 0.0, Avg: 0.0, Max: 0.0, Diff: 0.0, Sum: 0.4]
      [GC Worker Total (ms): Min: 8.0, Avg: 8.0, Max: 8.1, Diff: 0.1, Sum: 104.4]
      [GC Worker End (ms): Min: 375.4, Avg: 375.4, Max: 375.5, Diff: 0.0]
   [Code Root Fixup: 0.0 ms]
   [Code Root Purge: 0.0 ms]
   [Clear CT: 0.1 ms]
   [Other: 0.6 ms]
      [Choose CSet: 0.0 ms]
      [Ref Proc: 0.1 ms]
      [Ref Enq: 0.0 ms]
      [Redirty Cards: 0.1 ms]
      [Humongous Register: 0.1 ms]
      [Humongous Reclaim: 0.1 ms]
      [Free CSet: 0.1 ms]
   [Eden: 81.0M(81.0M)->0.0B(181.0M) Survivors: 54.0M->17.0M Heap: 359.6M(1024.0M)->283.9M(1024.0M)]
 [Times: user=0.00 sys=0.00, real=0.01 secs] 
2022-01-15T13:52:58.167+0800: 0.407: [GC pause (G1 Evacuation Pause) (young), 0.0084631 secs]
   [Parallel Time: 7.5 ms, GC Workers: 13]
      [GC Worker Start (ms): Min: 407.4, Avg: 407.6, Max: 408.3, Diff: 0.9]
      [Ext Root Scanning (ms): Min: 0.0, Avg: 0.1, Max: 0.3, Diff: 0.3, Sum: 1.3]
      [Update RS (ms): Min: 0.0, Avg: 0.2, Max: 0.6, Diff: 0.6, Sum: 2.1]
         [Processed Buffers: Min: 0, Avg: 2.0, Max: 3, Diff: 3, Sum: 26]
      [Scan RS (ms): Min: 0.0, Avg: 0.0, Max: 0.0, Diff: 0.0, Sum: 0.3]
      [Code Root Scanning (ms): Min: 0.0, Avg: 0.0, Max: 0.0, Diff: 0.0, Sum: 0.0]
      [Object Copy (ms): Min: 6.3, Avg: 6.7, Max: 7.0, Diff: 0.6, Sum: 86.7]
      [Termination (ms): Min: 0.0, Avg: 0.2, Max: 0.4, Diff: 0.4, Sum: 3.1]
         [Termination Attempts: Min: 1, Avg: 1.0, Max: 1, Diff: 0, Sum: 13]
      [GC Worker Other (ms): Min: 0.0, Avg: 0.0, Max: 0.1, Diff: 0.1, Sum: 0.6]
      [GC Worker Total (ms): Min: 6.5, Avg: 7.2, Max: 7.5, Diff: 1.0, Sum: 94.0]
      [GC Worker End (ms): Min: 414.8, Avg: 414.8, Max: 414.9, Diff: 0.1]
   [Code Root Fixup: 0.0 ms]
   [Code Root Purge: 0.0 ms]
   [Clear CT: 0.1 ms]
   [Other: 0.8 ms]
      [Choose CSet: 0.0 ms]
      [Ref Proc: 0.1 ms]
      [Ref Enq: 0.0 ms]
      [Redirty Cards: 0.1 ms]
      [Humongous Register: 0.2 ms]
      [Humongous Reclaim: 0.1 ms]
      [Free CSet: 0.2 ms]
   [Eden: 181.0M(181.0M)->0.0B(256.0M) Survivors: 17.0M->25.0M Heap: 511.5M(1024.0M)->331.2M(1024.0M)]
 [Times: user=0.03 sys=0.17, real=0.01 secs] 
2022-01-15T13:52:58.221+0800: 0.462: [GC pause (G1 Evacuation Pause) (young), 0.0120650 secs]
   [Parallel Time: 11.3 ms, GC Workers: 13]
      [GC Worker Start (ms): Min: 461.8, Avg: 461.9, Max: 461.9, Diff: 0.1]
      [Ext Root Scanning (ms): Min: 0.1, Avg: 0.1, Max: 0.2, Diff: 0.1, Sum: 1.7]
      [Update RS (ms): Min: 0.1, Avg: 0.2, Max: 1.2, Diff: 1.1, Sum: 2.5]
         [Processed Buffers: Min: 0, Avg: 1.6, Max: 2, Diff: 2, Sum: 21]
      [Scan RS (ms): Min: 0.0, Avg: 0.0, Max: 0.0, Diff: 0.0, Sum: 0.4]
      [Code Root Scanning (ms): Min: 0.0, Avg: 0.0, Max: 0.0, Diff: 0.0, Sum: 0.0]
      [Object Copy (ms): Min: 9.5, Avg: 10.6, Max: 10.9, Diff: 1.4, Sum: 137.2]
      [Termination (ms): Min: 0.0, Avg: 0.2, Max: 0.3, Diff: 0.3, Sum: 2.5]
         [Termination Attempts: Min: 1, Avg: 1.2, Max: 2, Diff: 1, Sum: 15]
      [GC Worker Other (ms): Min: 0.0, Avg: 0.0, Max: 0.1, Diff: 0.1, Sum: 0.6]
      [GC Worker Total (ms): Min: 11.1, Avg: 11.1, Max: 11.2, Diff: 0.1, Sum: 144.9]
      [GC Worker End (ms): Min: 473.0, Avg: 473.0, Max: 473.1, Diff: 0.1]
   [Code Root Fixup: 0.0 ms]
   [Code Root Purge: 0.0 ms]
   [Clear CT: 0.1 ms]
   [Other: 0.7 ms]
      [Choose CSet: 0.0 ms]
      [Ref Proc: 0.1 ms]
      [Ref Enq: 0.0 ms]
      [Redirty Cards: 0.1 ms]
      [Humongous Register: 0.1 ms]
      [Humongous Reclaim: 0.1 ms]
      [Free CSet: 0.2 ms]
   [Eden: 256.0M(256.0M)->0.0B(349.0M) Survivors: 25.0M->36.0M Heap: 648.9M(1024.0M)->421.8M(1024.0M)]
 [Times: user=0.00 sys=0.00, real=0.01 secs] 
2022-01-15T13:52:58.244+0800: 0.485: [GC pause (G1 Humongous Allocation) (young) (initial-mark), 0.0069421 secs]
   [Parallel Time: 6.3 ms, GC Workers: 13]
      [GC Worker Start (ms): Min: 485.0, Avg: 485.0, Max: 485.1, Diff: 0.1]
      [Ext Root Scanning (ms): Min: 0.1, Avg: 0.1, Max: 0.2, Diff: 0.1, Sum: 1.8]
      [Update RS (ms): Min: 0.1, Avg: 0.2, Max: 0.5, Diff: 0.4, Sum: 2.1]
         [Processed Buffers: Min: 0, Avg: 2.4, Max: 4, Diff: 4, Sum: 31]
      [Scan RS (ms): Min: 0.0, Avg: 0.0, Max: 0.0, Diff: 0.0, Sum: 0.1]
      [Code Root Scanning (ms): Min: 0.0, Avg: 0.0, Max: 0.0, Diff: 0.0, Sum: 0.0]
      [Object Copy (ms): Min: 5.5, Avg: 5.7, Max: 5.8, Diff: 0.3, Sum: 73.6]
      [Termination (ms): Min: 0.0, Avg: 0.1, Max: 0.3, Diff: 0.3, Sum: 1.8]
         [Termination Attempts: Min: 1, Avg: 1.2, Max: 2, Diff: 1, Sum: 15]
      [GC Worker Other (ms): Min: 0.0, Avg: 0.0, Max: 0.0, Diff: 0.0, Sum: 0.4]
      [GC Worker Total (ms): Min: 6.1, Avg: 6.1, Max: 6.2, Diff: 0.1, Sum: 79.9]
      [GC Worker End (ms): Min: 491.2, Avg: 491.2, Max: 491.2, Diff: 0.0]
   [Code Root Fixup: 0.0 ms]
   [Code Root Purge: 0.0 ms]
   [Clear CT: 0.1 ms]
   [Other: 0.6 ms]
      [Choose CSet: 0.0 ms]
      [Ref Proc: 0.1 ms]
      [Ref Enq: 0.0 ms]
      [Redirty Cards: 0.1 ms]
      [Humongous Register: 0.1 ms]
      [Humongous Reclaim: 0.1 ms]
      [Free CSet: 0.1 ms]
   [Eden: 66.0M(349.0M)->0.0B(310.0M) Survivors: 36.0M->24.0M Heap: 508.4M(1024.0M)->447.4M(1024.0M)]
 [Times: user=0.00 sys=0.00, real=0.01 secs] 
2022-01-15T13:52:58.251+0800: 0.492: [GC concurrent-root-region-scan-start]
2022-01-15T13:52:58.251+0800: 0.492: [GC concurrent-root-region-scan-end, 0.0001398 secs]
2022-01-15T13:52:58.251+0800: 0.492: [GC concurrent-mark-start]
2022-01-15T13:52:58.253+0800: 0.493: [GC concurrent-mark-end, 0.0010949 secs]
2022-01-15T13:52:58.253+0800: 0.493: [GC remark 2022-01-15T13:52:58.253+0800: 0.493: [Finalize Marking, 0.0001325 secs] 2022-01-15T13:52:58.253+0800: 0.493: [GC ref-proc, 0.0001270 secs] 2022-01-15T13:52:58.253+0800: 0.493: [Unloading, 0.0003799 secs], 0.0009751 secs]
 [Times: user=0.00 sys=0.00, real=0.00 secs] 
2022-01-15T13:52:58.254+0800: 0.494: [GC cleanup 455M->440M(1024M), 0.0005060 secs]
 [Times: user=0.00 sys=0.00, real=0.00 secs] 
2022-01-15T13:52:58.254+0800: 0.495: [GC concurrent-cleanup-start]
2022-01-15T13:52:58.254+0800: 0.495: [GC concurrent-cleanup-end, 0.0000160 secs]
2022-01-15T13:52:58.309+0800: 0.550: [GC pause (G1 Evacuation Pause) (young), 0.0114403 secs]
   [Parallel Time: 10.6 ms, GC Workers: 13]
      [GC Worker Start (ms): Min: 550.2, Avg: 550.3, Max: 550.3, Diff: 0.1]
      [Ext Root Scanning (ms): Min: 0.1, Avg: 0.1, Max: 0.2, Diff: 0.1, Sum: 1.8]
      [Update RS (ms): Min: 0.1, Avg: 0.3, Max: 1.5, Diff: 1.4, Sum: 3.3]
         [Processed Buffers: Min: 0, Avg: 2.2, Max: 4, Diff: 4, Sum: 29]
      [Scan RS (ms): Min: 0.0, Avg: 0.0, Max: 0.1, Diff: 0.0, Sum: 0.5]
      [Code Root Scanning (ms): Min: 0.0, Avg: 0.0, Max: 0.0, Diff: 0.0, Sum: 0.0]
      [Object Copy (ms): Min: 8.7, Avg: 9.9, Max: 10.1, Diff: 1.3, Sum: 128.6]
      [Termination (ms): Min: 0.0, Avg: 0.1, Max: 0.1, Diff: 0.1, Sum: 1.0]
         [Termination Attempts: Min: 1, Avg: 1.1, Max: 2, Diff: 1, Sum: 14]
      [GC Worker Other (ms): Min: 0.0, Avg: 0.1, Max: 0.1, Diff: 0.0, Sum: 0.8]
      [GC Worker Total (ms): Min: 10.4, Avg: 10.5, Max: 10.5, Diff: 0.1, Sum: 136.1]
      [GC Worker End (ms): Min: 560.7, Avg: 560.7, Max: 560.8, Diff: 0.0]
   [Code Root Fixup: 0.0 ms]
   [Code Root Purge: 0.0 ms]
   [Clear CT: 0.1 ms]
   [Other: 0.8 ms]
      [Choose CSet: 0.0 ms]
      [Ref Proc: 0.1 ms]
      [Ref Enq: 0.0 ms]
      [Redirty Cards: 0.1 ms]
      [Humongous Register: 0.2 ms]
      [Humongous Reclaim: 0.1 ms]
      [Free CSet: 0.2 ms]
   [Eden: 310.0M(310.0M)->0.0B(9216.0K) Survivors: 24.0M->42.0M Heap: 810.7M(1024.0M)->511.2M(1024.0M)]
 [Times: user=0.17 sys=0.03, real=0.01 secs] 
2022-01-15T13:52:58.322+0800: 0.563: [GC pause (G1 Evacuation Pause) (mixed), 0.0077199 secs]
   [Parallel Time: 7.1 ms, GC Workers: 13]
      [GC Worker Start (ms): Min: 563.2, Avg: 563.2, Max: 563.2, Diff: 0.1]
      [Ext Root Scanning (ms): Min: 0.1, Avg: 0.1, Max: 0.1, Diff: 0.1, Sum: 1.6]
      [Update RS (ms): Min: 0.0, Avg: 0.1, Max: 0.1, Diff: 0.1, Sum: 1.1]
         [Processed Buffers: Min: 1, Avg: 1.9, Max: 3, Diff: 2, Sum: 25]
      [Scan RS (ms): Min: 0.0, Avg: 0.0, Max: 0.1, Diff: 0.1, Sum: 0.5]
      [Code Root Scanning (ms): Min: 0.0, Avg: 0.0, Max: 0.0, Diff: 0.0, Sum: 0.0]
      [Object Copy (ms): Min: 6.5, Avg: 6.6, Max: 6.8, Diff: 0.3, Sum: 86.4]
      [Termination (ms): Min: 0.0, Avg: 0.1, Max: 0.2, Diff: 0.2, Sum: 1.6]
         [Termination Attempts: Min: 1, Avg: 1.1, Max: 2, Diff: 1, Sum: 14]
      [GC Worker Other (ms): Min: 0.0, Avg: 0.0, Max: 0.1, Diff: 0.0, Sum: 0.5]
      [GC Worker Total (ms): Min: 7.0, Avg: 7.1, Max: 7.1, Diff: 0.1, Sum: 91.8]
      [GC Worker End (ms): Min: 570.2, Avg: 570.3, Max: 570.3, Diff: 0.0]
   [Code Root Fixup: 0.0 ms]
   [Code Root Purge: 0.0 ms]
   [Clear CT: 0.1 ms]
   [Other: 0.5 ms]
      [Choose CSet: 0.0 ms]
      [Ref Proc: 0.1 ms]
      [Ref Enq: 0.0 ms]
      [Redirty Cards: 0.1 ms]
      [Humongous Register: 0.1 ms]
      [Humongous Reclaim: 0.0 ms]
      [Free CSet: 0.1 ms]
   [Eden: 9216.0K(9216.0K)->0.0B(47.0M) Survivors: 42.0M->4096.0K Heap: 521.6M(1024.0M)->434.7M(1024.0M)]
 [Times: user=0.14 sys=0.05, real=0.01 secs] 
2022-01-15T13:52:58.338+0800: 0.578: [GC pause (G1 Evacuation Pause) (mixed), 0.0035944 secs]
   [Parallel Time: 3.0 ms, GC Workers: 13]
      [GC Worker Start (ms): Min: 578.5, Avg: 578.5, Max: 578.6, Diff: 0.1]
      [Ext Root Scanning (ms): Min: 0.1, Avg: 0.1, Max: 0.2, Diff: 0.1, Sum: 1.5]
      [Update RS (ms): Min: 0.1, Avg: 0.2, Max: 0.9, Diff: 0.7, Sum: 2.6]
         [Processed Buffers: Min: 0, Avg: 2.2, Max: 4, Diff: 4, Sum: 28]
      [Scan RS (ms): Min: 0.0, Avg: 0.0, Max: 0.1, Diff: 0.0, Sum: 0.2]
      [Code Root Scanning (ms): Min: 0.0, Avg: 0.0, Max: 0.0, Diff: 0.0, Sum: 0.0]
      [Object Copy (ms): Min: 1.8, Avg: 2.4, Max: 2.6, Diff: 0.9, Sum: 31.3]
      [Termination (ms): Min: 0.0, Avg: 0.1, Max: 0.2, Diff: 0.2, Sum: 1.9]
         [Termination Attempts: Min: 1, Avg: 1.0, Max: 1, Diff: 0, Sum: 13]
      [GC Worker Other (ms): Min: 0.0, Avg: 0.0, Max: 0.1, Diff: 0.0, Sum: 0.4]
      [GC Worker Total (ms): Min: 2.9, Avg: 2.9, Max: 3.0, Diff: 0.1, Sum: 37.9]
      [GC Worker End (ms): Min: 581.4, Avg: 581.4, Max: 581.4, Diff: 0.0]
   [Code Root Fixup: 0.0 ms]
   [Code Root Purge: 0.0 ms]
   [Clear CT: 0.1 ms]
   [Other: 0.5 ms]
      [Choose CSet: 0.0 ms]
      [Ref Proc: 0.1 ms]
      [Ref Enq: 0.0 ms]
      [Redirty Cards: 0.1 ms]
      [Humongous Register: 0.1 ms]
      [Humongous Reclaim: 0.0 ms]
      [Free CSet: 0.1 ms]
   [Eden: 47.0M(47.0M)->0.0B(321.0M) Survivors: 4096.0K->7168.0K Heap: 491.2M(1024.0M)->435.4M(1024.0M)]
 [Times: user=0.00 sys=0.00, real=0.00 secs] 
2022-01-15T13:52:58.342+0800: 0.583: [GC pause (G1 Humongous Allocation) (young) (initial-mark), 0.0013627 secs]
   [Parallel Time: 1.0 ms, GC Workers: 13]
      [GC Worker Start (ms): Min: 582.7, Avg: 582.8, Max: 582.8, Diff: 0.1]
      [Ext Root Scanning (ms): Min: 0.1, Avg: 0.1, Max: 0.1, Diff: 0.0, Sum: 1.4]
      [Update RS (ms): Min: 0.0, Avg: 0.1, Max: 0.4, Diff: 0.4, Sum: 1.4]
         [Processed Buffers: Min: 0, Avg: 1.1, Max: 2, Diff: 2, Sum: 14]
      [Scan RS (ms): Min: 0.0, Avg: 0.0, Max: 0.0, Diff: 0.0, Sum: 0.0]
      [Code Root Scanning (ms): Min: 0.0, Avg: 0.0, Max: 0.0, Diff: 0.0, Sum: 0.0]
      [Object Copy (ms): Min: 0.2, Avg: 0.5, Max: 0.7, Diff: 0.5, Sum: 6.8]
      [Termination (ms): Min: 0.0, Avg: 0.1, Max: 0.2, Diff: 0.2, Sum: 1.3]
         [Termination Attempts: Min: 1, Avg: 1.0, Max: 1, Diff: 0, Sum: 13]
      [GC Worker Other (ms): Min: 0.0, Avg: 0.0, Max: 0.0, Diff: 0.0, Sum: 0.1]
      [GC Worker Total (ms): Min: 0.8, Avg: 0.9, Max: 0.9, Diff: 0.1, Sum: 11.1]
      [GC Worker End (ms): Min: 583.6, Avg: 583.6, Max: 583.6, Diff: 0.0]
   [Code Root Fixup: 0.0 ms]
   [Code Root Purge: 0.0 ms]
   [Clear CT: 0.1 ms]
   [Other: 0.3 ms]
      [Choose CSet: 0.0 ms]
      [Ref Proc: 0.1 ms]
      [Ref Enq: 0.0 ms]
      [Redirty Cards: 0.1 ms]
      [Humongous Register: 0.1 ms]
      [Humongous Reclaim: 0.0 ms]
      [Free CSet: 0.0 ms]
   [Eden: 4096.0K(321.0M)->0.0B(329.0M) Survivors: 7168.0K->8192.0K Heap: 439.1M(1024.0M)->435.3M(1024.0M)]
 [Times: user=0.00 sys=0.00, real=0.00 secs] 
2022-01-15T13:52:58.343+0800: 0.584: [GC concurrent-root-region-scan-start]
2022-01-15T13:52:58.344+0800: 0.584: [GC concurrent-root-region-scan-end, 0.0001006 secs]
2022-01-15T13:52:58.344+0800: 0.584: [GC concurrent-mark-start]
2022-01-15T13:52:58.345+0800: 0.585: [GC concurrent-mark-end, 0.0010704 secs]
2022-01-15T13:52:58.345+0800: 0.585: [GC remark 2022-01-15T13:52:58.345+0800: 0.585: [Finalize Marking, 0.0001046 secs] 2022-01-15T13:52:58.345+0800: 0.585: [GC ref-proc, 0.0000811 secs] 2022-01-15T13:52:58.345+0800: 0.586: [Unloading, 0.0003755 secs], 0.0008927 secs]
 [Times: user=0.20 sys=0.00, real=0.00 secs] 
2022-01-15T13:52:58.346+0800: 0.586: [GC cleanup 445M->435M(1024M), 0.0004805 secs]
 [Times: user=0.00 sys=0.00, real=0.00 secs] 
2022-01-15T13:52:58.346+0800: 0.587: [GC concurrent-cleanup-start]
2022-01-15T13:52:58.346+0800: 0.587: [GC concurrent-cleanup-end, 0.0000126 secs]
2022-01-15T13:52:58.398+0800: 0.639: [GC pause (G1 Evacuation Pause) (young) (to-space exhausted), 0.0109884 secs]
   [Parallel Time: 10.0 ms, GC Workers: 13]
      [GC Worker Start (ms): Min: 639.2, Avg: 639.3, Max: 639.3, Diff: 0.1]
      [Ext Root Scanning (ms): Min: 0.1, Avg: 0.1, Max: 0.2, Diff: 0.1, Sum: 1.6]
      [Update RS (ms): Min: 0.2, Avg: 0.2, Max: 0.4, Diff: 0.2, Sum: 3.1]
         [Processed Buffers: Min: 0, Avg: 2.9, Max: 5, Diff: 5, Sum: 38]
      [Scan RS (ms): Min: 0.0, Avg: 0.0, Max: 0.1, Diff: 0.0, Sum: 0.5]
      [Code Root Scanning (ms): Min: 0.0, Avg: 0.0, Max: 0.0, Diff: 0.0, Sum: 0.0]
      [Object Copy (ms): Min: 9.2, Avg: 9.4, Max: 9.5, Diff: 0.3, Sum: 121.9]
      [Termination (ms): Min: 0.0, Avg: 0.1, Max: 0.2, Diff: 0.2, Sum: 1.3]
         [Termination Attempts: Min: 1, Avg: 1.1, Max: 2, Diff: 1, Sum: 14]
      [GC Worker Other (ms): Min: 0.0, Avg: 0.0, Max: 0.1, Diff: 0.0, Sum: 0.6]
      [GC Worker Total (ms): Min: 9.9, Avg: 9.9, Max: 10.0, Diff: 0.1, Sum: 129.0]
      [GC Worker End (ms): Min: 649.2, Avg: 649.2, Max: 649.2, Diff: 0.0]
   [Code Root Fixup: 0.0 ms]
   [Code Root Purge: 0.0 ms]
   [Clear CT: 0.1 ms]
   [Other: 0.8 ms]
      [Evacuation Failure: 0.1 ms]
      [Choose CSet: 0.0 ms]
      [Ref Proc: 0.1 ms]
      [Ref Enq: 0.0 ms]
      [Redirty Cards: 0.1 ms]
      [Humongous Register: 0.2 ms]
      [Humongous Reclaim: 0.2 ms]
      [Free CSet: 0.1 ms]
   [Eden: 329.0M(329.0M)->0.0B(8192.0K) Survivors: 8192.0K->43.0M Heap: 835.9M(1024.0M)->527.8M(1024.0M)]
 [Times: user=0.20 sys=0.00, real=0.01 secs] 
2022-01-15T13:52:58.411+0800: 0.651: [GC pause (G1 Evacuation Pause) (mixed), 0.0083095 secs]
   [Parallel Time: 7.6 ms, GC Workers: 13]
      [GC Worker Start (ms): Min: 651.3, Avg: 651.3, Max: 651.3, Diff: 0.0]
      [Ext Root Scanning (ms): Min: 0.1, Avg: 0.1, Max: 0.1, Diff: 0.0, Sum: 1.4]
      [Update RS (ms): Min: 0.0, Avg: 0.1, Max: 0.1, Diff: 0.1, Sum: 0.9]
         [Processed Buffers: Min: 1, Avg: 1.5, Max: 3, Diff: 2, Sum: 20]
      [Scan RS (ms): Min: 0.0, Avg: 0.0, Max: 0.1, Diff: 0.1, Sum: 0.4]
      [Code Root Scanning (ms): Min: 0.0, Avg: 0.0, Max: 0.0, Diff: 0.0, Sum: 0.0]
      [Object Copy (ms): Min: 7.0, Avg: 7.1, Max: 7.3, Diff: 0.3, Sum: 92.7]
      [Termination (ms): Min: 0.0, Avg: 0.2, Max: 0.3, Diff: 0.3, Sum: 2.5]
         [Termination Attempts: Min: 1, Avg: 1.0, Max: 1, Diff: 0, Sum: 13]
      [GC Worker Other (ms): Min: 0.0, Avg: 0.0, Max: 0.0, Diff: 0.0, Sum: 0.4]
      [GC Worker Total (ms): Min: 7.5, Avg: 7.6, Max: 7.6, Diff: 0.1, Sum: 98.2]
      [GC Worker End (ms): Min: 658.8, Avg: 658.8, Max: 658.9, Diff: 0.0]
   [Code Root Fixup: 0.0 ms]
   [Code Root Purge: 0.0 ms]
   [Clear CT: 0.1 ms]
   [Other: 0.6 ms]
      [Choose CSet: 0.0 ms]
      [Ref Proc: 0.1 ms]
      [Ref Enq: 0.0 ms]
      [Redirty Cards: 0.1 ms]
      [Humongous Register: 0.1 ms]
      [Humongous Reclaim: 0.0 ms]
      [Free CSet: 0.1 ms]
   [Eden: 8192.0K(8192.0K)->0.0B(306.0M) Survivors: 43.0M->4096.0K Heap: 536.4M(1024.0M)->462.2M(1024.0M)]
 [Times: user=0.00 sys=0.00, real=0.01 secs] 
2022-01-15T13:52:58.419+0800: 0.660: [GC pause (G1 Humongous Allocation) (young) (initial-mark), 0.0011934 secs]
   [Parallel Time: 0.7 ms, GC Workers: 13]
      [GC Worker Start (ms): Min: 660.2, Avg: 660.3, Max: 660.4, Diff: 0.2]
      [Ext Root Scanning (ms): Min: 0.0, Avg: 0.1, Max: 0.2, Diff: 0.2, Sum: 1.7]
      [Update RS (ms): Min: 0.0, Avg: 0.1, Max: 0.3, Diff: 0.3, Sum: 1.3]
         [Processed Buffers: Min: 0, Avg: 1.1, Max: 2, Diff: 2, Sum: 14]
      [Scan RS (ms): Min: 0.0, Avg: 0.0, Max: 0.0, Diff: 0.0, Sum: 0.0]
      [Code Root Scanning (ms): Min: 0.0, Avg: 0.0, Max: 0.0, Diff: 0.0, Sum: 0.0]
      [Object Copy (ms): Min: 0.0, Avg: 0.2, Max: 0.4, Diff: 0.4, Sum: 2.7]
      [Termination (ms): Min: 0.0, Avg: 0.2, Max: 0.3, Diff: 0.2, Sum: 2.1]
         [Termination Attempts: Min: 1, Avg: 1.5, Max: 5, Diff: 4, Sum: 20]
      [GC Worker Other (ms): Min: 0.0, Avg: 0.0, Max: 0.0, Diff: 0.0, Sum: 0.2]
      [GC Worker Total (ms): Min: 0.5, Avg: 0.6, Max: 0.7, Diff: 0.2, Sum: 8.0]
      [GC Worker End (ms): Min: 660.9, Avg: 660.9, Max: 660.9, Diff: 0.0]
   [Code Root Fixup: 0.0 ms]
   [Code Root Purge: 0.0 ms]
   [Clear CT: 0.1 ms]
   [Other: 0.4 ms]
      [Choose CSet: 0.0 ms]
      [Ref Proc: 0.1 ms]
      [Ref Enq: 0.0 ms]
      [Redirty Cards: 0.1 ms]
      [Humongous Register: 0.1 ms]
      [Humongous Reclaim: 0.0 ms]
      [Free CSet: 0.0 ms]
   [Eden: 5120.0K(306.0M)->0.0B(315.0M) Survivors: 4096.0K->5120.0K Heap: 467.1M(1024.0M)->463.0M(1024.0M)]
 [Times: user=0.00 sys=0.00, real=0.00 secs] 
2022-01-15T13:52:58.421+0800: 0.661: [GC concurrent-root-region-scan-start]
2022-01-15T13:52:58.421+0800: 0.661: [GC concurrent-root-region-scan-end, 0.0001107 secs]
2022-01-15T13:52:58.421+0800: 0.661: [GC concurrent-mark-start]
2022-01-15T13:52:58.422+0800: 0.663: [GC concurrent-mark-end, 0.0012069 secs]
2022-01-15T13:52:58.422+0800: 0.663: [GC remark 2022-01-15T13:52:58.422+0800: 0.663: [Finalize Marking, 0.0001536 secs] 2022-01-15T13:52:58.422+0800: 0.663: [GC ref-proc, 0.0000843 secs] 2022-01-15T13:52:58.422+0800: 0.663: [Unloading, 0.0004143 secs], 0.0010535 secs]
 [Times: user=0.00 sys=0.00, real=0.00 secs] 
2022-01-15T13:52:58.423+0800: 0.664: [GC cleanup 474M->472M(1024M), 0.0005534 secs]
 [Times: user=0.17 sys=0.00, real=0.00 secs] 
2022-01-15T13:52:58.424+0800: 0.664: [GC concurrent-cleanup-start]
2022-01-15T13:52:58.424+0800: 0.664: [GC concurrent-cleanup-end, 0.0000092 secs]
2022-01-15T13:52:58.475+0800: 0.715: [GC pause (G1 Evacuation Pause) (young) (to-space exhausted), 0.0070021 secs]
   [Parallel Time: 6.0 ms, GC Workers: 13]
      [GC Worker Start (ms): Min: 715.4, Avg: 715.4, Max: 715.5, Diff: 0.1]
      [Ext Root Scanning (ms): Min: 0.1, Avg: 0.1, Max: 0.2, Diff: 0.1, Sum: 1.6]
      [Update RS (ms): Min: 0.2, Avg: 0.3, Max: 2.0, Diff: 1.9, Sum: 4.3]
         [Processed Buffers: Min: 0, Avg: 2.5, Max: 5, Diff: 5, Sum: 32]
      [Scan RS (ms): Min: 0.0, Avg: 0.0, Max: 0.1, Diff: 0.1, Sum: 0.6]
      [Code Root Scanning (ms): Min: 0.0, Avg: 0.0, Max: 0.0, Diff: 0.0, Sum: 0.0]
      [Object Copy (ms): Min: 3.5, Avg: 5.3, Max: 5.5, Diff: 2.0, Sum: 68.9]
      [Termination (ms): Min: 0.0, Avg: 0.0, Max: 0.0, Diff: 0.0, Sum: 0.3]
         [Termination Attempts: Min: 1, Avg: 1.2, Max: 2, Diff: 1, Sum: 15]
      [GC Worker Other (ms): Min: 0.0, Avg: 0.0, Max: 0.0, Diff: 0.0, Sum: 0.3]
      [GC Worker Total (ms): Min: 5.8, Avg: 5.9, Max: 5.9, Diff: 0.1, Sum: 76.1]
      [GC Worker End (ms): Min: 721.3, Avg: 721.3, Max: 721.3, Diff: 0.0]
   [Code Root Fixup: 0.0 ms]
   [Code Root Purge: 0.0 ms]
   [Clear CT: 0.1 ms]
   [Other: 0.9 ms]
      [Evacuation Failure: 0.2 ms]
      [Choose CSet: 0.0 ms]
      [Ref Proc: 0.1 ms]
      [Ref Enq: 0.0 ms]
      [Redirty Cards: 0.1 ms]
      [Humongous Register: 0.2 ms]
      [Humongous Reclaim: 0.2 ms]
      [Free CSet: 0.1 ms]
   [Eden: 315.0M(315.0M)->0.0B(11.0M) Survivors: 5120.0K->40.0M Heap: 868.5M(1024.0M)->683.0M(1024.0M)]
 [Times: user=0.00 sys=0.00, real=0.01 secs] 
2022-01-15T13:52:58.483+0800: 0.724: [GC pause (G1 Evacuation Pause) (mixed), 0.0083582 secs]
   [Parallel Time: 7.6 ms, GC Workers: 13]
      [GC Worker Start (ms): Min: 724.3, Avg: 724.3, Max: 724.3, Diff: 0.1]
      [Ext Root Scanning (ms): Min: 0.1, Avg: 0.1, Max: 0.2, Diff: 0.1, Sum: 1.7]
      [Update RS (ms): Min: 0.1, Avg: 0.1, Max: 0.1, Diff: 0.0, Sum: 1.7]
         [Processed Buffers: Min: 1, Avg: 3.2, Max: 6, Diff: 5, Sum: 41]
      [Scan RS (ms): Min: 0.0, Avg: 0.0, Max: 0.0, Diff: 0.0, Sum: 0.3]
      [Code Root Scanning (ms): Min: 0.0, Avg: 0.0, Max: 0.0, Diff: 0.0, Sum: 0.0]
      [Object Copy (ms): Min: 7.0, Avg: 7.0, Max: 7.2, Diff: 0.2, Sum: 91.6]
      [Termination (ms): Min: 0.0, Avg: 0.1, Max: 0.2, Diff: 0.2, Sum: 1.5]
         [Termination Attempts: Min: 1, Avg: 1.0, Max: 1, Diff: 0, Sum: 13]
      [GC Worker Other (ms): Min: 0.0, Avg: 0.0, Max: 0.0, Diff: 0.0, Sum: 0.4]
      [GC Worker Total (ms): Min: 7.4, Avg: 7.5, Max: 7.5, Diff: 0.1, Sum: 97.2]
      [GC Worker End (ms): Min: 731.8, Avg: 731.8, Max: 731.8, Diff: 0.0]
   [Code Root Fixup: 0.0 ms]
   [Code Root Purge: 0.0 ms]
   [Clear CT: 0.1 ms]
   [Other: 0.6 ms]
      [Choose CSet: 0.0 ms]
      [Ref Proc: 0.1 ms]
      [Ref Enq: 0.0 ms]
      [Redirty Cards: 0.1 ms]
      [Humongous Register: 0.1 ms]
      [Humongous Reclaim: 0.0 ms]
      [Free CSet: 0.2 ms]
   [Eden: 11.0M(11.0M)->0.0B(47.0M) Survivors: 40.0M->4096.0K Heap: 696.3M(1024.0M)->610.7M(1024.0M)]
 [Times: user=0.17 sys=0.03, real=0.01 secs] 
2022-01-15T13:52:58.500+0800: 0.740: [GC pause (G1 Evacuation Pause) (mixed), 0.0038030 secs]
   [Parallel Time: 3.1 ms, GC Workers: 13]
      [GC Worker Start (ms): Min: 740.6, Avg: 740.6, Max: 740.8, Diff: 0.2]
      [Ext Root Scanning (ms): Min: 0.0, Avg: 0.1, Max: 0.2, Diff: 0.2, Sum: 1.6]
      [Update RS (ms): Min: 0.2, Avg: 0.4, Max: 2.0, Diff: 1.7, Sum: 4.8]
         [Processed Buffers: Min: 0, Avg: 3.3, Max: 5, Diff: 5, Sum: 43]
      [Scan RS (ms): Min: 0.0, Avg: 0.0, Max: 0.0, Diff: 0.0, Sum: 0.2]
      [Code Root Scanning (ms): Min: 0.0, Avg: 0.0, Max: 0.0, Diff: 0.0, Sum: 0.0]
      [Object Copy (ms): Min: 0.7, Avg: 2.3, Max: 2.5, Diff: 1.9, Sum: 30.3]
      [Termination (ms): Min: 0.0, Avg: 0.1, Max: 0.2, Diff: 0.2, Sum: 1.1]
         [Termination Attempts: Min: 1, Avg: 1.0, Max: 1, Diff: 0, Sum: 13]
      [GC Worker Other (ms): Min: 0.0, Avg: 0.0, Max: 0.0, Diff: 0.0, Sum: 0.3]
      [GC Worker Total (ms): Min: 2.8, Avg: 2.9, Max: 3.0, Diff: 0.2, Sum: 38.3]
      [GC Worker End (ms): Min: 743.6, Avg: 743.6, Max: 743.6, Diff: 0.0]
   [Code Root Fixup: 0.0 ms]
   [Code Root Purge: 0.0 ms]
   [Clear CT: 0.1 ms]
   [Other: 0.6 ms]
      [Choose CSet: 0.0 ms]
      [Ref Proc: 0.1 ms]
      [Ref Enq: 0.0 ms]
      [Redirty Cards: 0.1 ms]
      [Humongous Register: 0.2 ms]
      [Humongous Reclaim: 0.1 ms]
      [Free CSet: 0.1 ms]
   [Eden: 47.0M(47.0M)->0.0B(191.0M) Survivors: 4096.0K->7168.0K Heap: 672.4M(1024.0M)->621.0M(1024.0M)]
 [Times: user=0.17 sys=0.02, real=0.00 secs] 
2022-01-15T13:52:58.504+0800: 0.745: [GC pause (G1 Humongous Allocation) (young) (initial-mark), 0.0015045 secs]
   [Parallel Time: 1.0 ms, GC Workers: 13]
      [GC Worker Start (ms): Min: 744.7, Avg: 744.8, Max: 744.8, Diff: 0.0]
      [Ext Root Scanning (ms): Min: 0.1, Avg: 0.1, Max: 0.1, Diff: 0.0, Sum: 1.4]
      [Update RS (ms): Min: 0.0, Avg: 0.2, Max: 0.8, Diff: 0.7, Sum: 2.2]
         [Processed Buffers: Min: 1, Avg: 1.1, Max: 2, Diff: 1, Sum: 14]
      [Scan RS (ms): Min: 0.0, Avg: 0.0, Max: 0.0, Diff: 0.0, Sum: 0.0]
      [Code Root Scanning (ms): Min: 0.0, Avg: 0.0, Max: 0.0, Diff: 0.0, Sum: 0.0]
      [Object Copy (ms): Min: 0.0, Avg: 0.5, Max: 0.6, Diff: 0.6, Sum: 6.4]
      [Termination (ms): Min: 0.0, Avg: 0.1, Max: 0.2, Diff: 0.2, Sum: 1.7]
         [Termination Attempts: Min: 1, Avg: 1.8, Max: 3, Diff: 2, Sum: 23]
      [GC Worker Other (ms): Min: 0.0, Avg: 0.0, Max: 0.0, Diff: 0.0, Sum: 0.1]
      [GC Worker Total (ms): Min: 0.9, Avg: 0.9, Max: 0.9, Diff: 0.0, Sum: 11.8]
      [GC Worker End (ms): Min: 745.7, Avg: 745.7, Max: 745.7, Diff: 0.0]
   [Code Root Fixup: 0.0 ms]
   [Code Root Purge: 0.0 ms]
   [Clear CT: 0.1 ms]
   [Other: 0.4 ms]
      [Choose CSet: 0.0 ms]
      [Ref Proc: 0.1 ms]
      [Ref Enq: 0.0 ms]
      [Redirty Cards: 0.1 ms]
      [Humongous Register: 0.1 ms]
      [Humongous Reclaim: 0.0 ms]
      [Free CSet: 0.0 ms]
   [Eden: 2048.0K(191.0M)->0.0B(186.0M) Survivors: 7168.0K->9216.0K Heap: 622.5M(1024.0M)->622.3M(1024.0M)]
 [Times: user=0.00 sys=0.00, real=0.00 secs] 
2022-01-15T13:52:58.506+0800: 0.746: [GC concurrent-root-region-scan-start]
2022-01-15T13:52:58.506+0800: 0.746: [GC concurrent-root-region-scan-end, 0.0001293 secs]
2022-01-15T13:52:58.506+0800: 0.746: [GC concurrent-mark-start]
2022-01-15T13:52:58.507+0800: 0.748: [GC concurrent-mark-end, 0.0016415 secs]
2022-01-15T13:52:58.507+0800: 0.748: [GC remark 2022-01-15T13:52:58.507+0800: 0.748: [Finalize Marking, 0.0001392 secs] 2022-01-15T13:52:58.508+0800: 0.748: [GC ref-proc, 0.0000840 secs] 2022-01-15T13:52:58.508+0800: 0.748: [Unloading, 0.0004525 secs], 0.0010592 secs]
 [Times: user=0.00 sys=0.00, real=0.00 secs] 
2022-01-15T13:52:58.509+0800: 0.749: [GC cleanup 636M->628M(1024M), 0.0005534 secs]
 [Times: user=0.00 sys=0.00, real=0.00 secs] 
2022-01-15T13:52:58.509+0800: 0.750: [GC concurrent-cleanup-start]
2022-01-15T13:52:58.509+0800: 0.750: [GC concurrent-cleanup-end, 0.0000133 secs]
2022-01-15T13:52:58.540+0800: 0.780: [GC pause (G1 Evacuation Pause) (young), 0.0079600 secs]
   [Parallel Time: 7.2 ms, GC Workers: 13]
      [GC Worker Start (ms): Min: 780.6, Avg: 780.6, Max: 780.8, Diff: 0.2]
      [Ext Root Scanning (ms): Min: 0.0, Avg: 0.1, Max: 0.2, Diff: 0.2, Sum: 1.6]
      [Update RS (ms): Min: 0.3, Avg: 0.4, Max: 1.0, Diff: 0.6, Sum: 5.0]
         [Processed Buffers: Min: 0, Avg: 4.8, Max: 7, Diff: 7, Sum: 62]
      [Scan RS (ms): Min: 0.0, Avg: 0.0, Max: 0.1, Diff: 0.1, Sum: 0.3]
      [Code Root Scanning (ms): Min: 0.0, Avg: 0.0, Max: 0.0, Diff: 0.0, Sum: 0.0]
      [Object Copy (ms): Min: 5.9, Avg: 6.4, Max: 6.5, Diff: 0.7, Sum: 83.7]
      [Termination (ms): Min: 0.0, Avg: 0.1, Max: 0.2, Diff: 0.2, Sum: 0.8]
         [Termination Attempts: Min: 1, Avg: 1.1, Max: 2, Diff: 1, Sum: 14]
      [GC Worker Other (ms): Min: 0.0, Avg: 0.0, Max: 0.1, Diff: 0.0, Sum: 0.5]
      [GC Worker Total (ms): Min: 6.9, Avg: 7.1, Max: 7.1, Diff: 0.2, Sum: 91.8]
      [GC Worker End (ms): Min: 787.7, Avg: 787.7, Max: 787.7, Diff: 0.0]
   [Code Root Fixup: 0.0 ms]
   [Code Root Purge: 0.0 ms]
   [Clear CT: 0.1 ms]
   [Other: 0.7 ms]
      [Choose CSet: 0.0 ms]
      [Ref Proc: 0.1 ms]
      [Ref Enq: 0.0 ms]
      [Redirty Cards: 0.1 ms]
      [Humongous Register: 0.2 ms]
      [Humongous Reclaim: 0.1 ms]
      [Free CSet: 0.1 ms]
   [Eden: 186.0M(186.0M)->0.0B(26.0M) Survivors: 9216.0K->25.0M Heap: 857.3M(1024.0M)->681.2M(1024.0M)]
 [Times: user=0.00 sys=0.00, real=0.01 secs] 
2022-01-15T13:52:58.553+0800: 0.793: [GC pause (G1 Evacuation Pause) (mixed), 0.0053722 secs]
   [Parallel Time: 4.6 ms, GC Workers: 13]
      [GC Worker Start (ms): Min: 793.4, Avg: 793.4, Max: 793.5, Diff: 0.1]
      [Ext Root Scanning (ms): Min: 0.1, Avg: 0.1, Max: 0.2, Diff: 0.1, Sum: 1.6]
      [Update RS (ms): Min: 0.2, Avg: 0.3, Max: 0.3, Diff: 0.0, Sum: 3.5]
         [Processed Buffers: Min: 0, Avg: 3.8, Max: 6, Diff: 6, Sum: 49]
      [Scan RS (ms): Min: 0.0, Avg: 0.0, Max: 0.0, Diff: 0.0, Sum: 0.2]
      [Code Root Scanning (ms): Min: 0.0, Avg: 0.0, Max: 0.0, Diff: 0.0, Sum: 0.0]
      [Object Copy (ms): Min: 3.9, Avg: 4.0, Max: 4.1, Diff: 0.2, Sum: 52.5]
      [Termination (ms): Min: 0.0, Avg: 0.1, Max: 0.2, Diff: 0.2, Sum: 0.8]
         [Termination Attempts: Min: 1, Avg: 1.1, Max: 2, Diff: 1, Sum: 14]
      [GC Worker Other (ms): Min: 0.0, Avg: 0.0, Max: 0.0, Diff: 0.0, Sum: 0.4]
      [GC Worker Total (ms): Min: 4.5, Avg: 4.5, Max: 4.6, Diff: 0.1, Sum: 59.1]
      [GC Worker End (ms): Min: 798.0, Avg: 798.0, Max: 798.0, Diff: 0.0]
   [Code Root Fixup: 0.0 ms]
   [Code Root Purge: 0.0 ms]
   [Clear CT: 0.1 ms]
   [Other: 0.7 ms]
      [Choose CSet: 0.1 ms]
      [Ref Proc: 0.1 ms]
      [Ref Enq: 0.0 ms]
      [Redirty Cards: 0.1 ms]
      [Humongous Register: 0.2 ms]
      [Humongous Reclaim: 0.1 ms]
      [Free CSet: 0.1 ms]
   [Eden: 26.0M(26.0M)->0.0B(44.0M) Survivors: 25.0M->7168.0K Heap: 718.7M(1024.0M)->591.5M(1024.0M)]
 [Times: user=0.00 sys=0.00, real=0.01 secs] 
2022-01-15T13:52:58.564+0800: 0.805: [GC pause (G1 Evacuation Pause) (mixed), 0.0059183 secs]
   [Parallel Time: 5.2 ms, GC Workers: 13]
      [GC Worker Start (ms): Min: 805.3, Avg: 805.4, Max: 805.4, Diff: 0.1]
      [Ext Root Scanning (ms): Min: 0.1, Avg: 0.1, Max: 0.2, Diff: 0.1, Sum: 1.6]
      [Update RS (ms): Min: 0.3, Avg: 0.3, Max: 0.3, Diff: 0.1, Sum: 4.0]
         [Processed Buffers: Min: 0, Avg: 4.1, Max: 6, Diff: 6, Sum: 53]
      [Scan RS (ms): Min: 0.0, Avg: 0.0, Max: 0.0, Diff: 0.0, Sum: 0.3]
      [Code Root Scanning (ms): Min: 0.0, Avg: 0.0, Max: 0.0, Diff: 0.0, Sum: 0.0]
      [Object Copy (ms): Min: 4.4, Avg: 4.5, Max: 4.6, Diff: 0.2, Sum: 58.7]
      [Termination (ms): Min: 0.0, Avg: 0.1, Max: 0.2, Diff: 0.2, Sum: 1.2]
         [Termination Attempts: Min: 1, Avg: 1.2, Max: 3, Diff: 2, Sum: 16]
      [GC Worker Other (ms): Min: 0.0, Avg: 0.0, Max: 0.1, Diff: 0.0, Sum: 0.5]
      [GC Worker Total (ms): Min: 5.0, Avg: 5.1, Max: 5.2, Diff: 0.1, Sum: 66.3]
      [GC Worker End (ms): Min: 810.4, Avg: 810.5, Max: 810.5, Diff: 0.0]
   [Code Root Fixup: 0.0 ms]
   [Code Root Purge: 0.0 ms]
   [Clear CT: 0.1 ms]
   [Other: 0.6 ms]
      [Choose CSet: 0.0 ms]
      [Ref Proc: 0.1 ms]
      [Ref Enq: 0.0 ms]
      [Redirty Cards: 0.1 ms]
      [Humongous Register: 0.2 ms]
      [Humongous Reclaim: 0.0 ms]
      [Free CSet: 0.1 ms]
   [Eden: 44.0M(44.0M)->0.0B(44.0M) Survivors: 7168.0K->7168.0K Heap: 643.5M(1024.0M)->524.7M(1024.0M)]
 [Times: user=0.00 sys=0.00, real=0.01 secs] 
2022-01-15T13:52:58.578+0800: 0.819: [GC pause (G1 Evacuation Pause) (mixed), 0.0061054 secs]
   [Parallel Time: 5.3 ms, GC Workers: 13]
      [GC Worker Start (ms): Min: 819.4, Avg: 819.5, Max: 819.6, Diff: 0.2]
      [Ext Root Scanning (ms): Min: 0.0, Avg: 0.1, Max: 0.1, Diff: 0.1, Sum: 1.4]
      [Update RS (ms): Min: 0.3, Avg: 0.3, Max: 0.3, Diff: 0.0, Sum: 4.0]
         [Processed Buffers: Min: 0, Avg: 4.9, Max: 8, Diff: 8, Sum: 64]
      [Scan RS (ms): Min: 0.0, Avg: 0.0, Max: 0.1, Diff: 0.1, Sum: 0.5]
      [Code Root Scanning (ms): Min: 0.0, Avg: 0.0, Max: 0.0, Diff: 0.0, Sum: 0.0]
      [Object Copy (ms): Min: 4.5, Avg: 4.6, Max: 4.7, Diff: 0.2, Sum: 59.8]
      [Termination (ms): Min: 0.0, Avg: 0.1, Max: 0.2, Diff: 0.2, Sum: 1.3]
         [Termination Attempts: Min: 1, Avg: 1.0, Max: 1, Diff: 0, Sum: 13]
      [GC Worker Other (ms): Min: 0.0, Avg: 0.0, Max: 0.1, Diff: 0.0, Sum: 0.5]
      [GC Worker Total (ms): Min: 5.1, Avg: 5.2, Max: 5.3, Diff: 0.2, Sum: 67.5]
      [GC Worker End (ms): Min: 824.6, Avg: 824.6, Max: 824.7, Diff: 0.0]
   [Code Root Fixup: 0.0 ms]
   [Code Root Purge: 0.0 ms]
   [Clear CT: 0.1 ms]
   [Other: 0.7 ms]
      [Choose CSet: 0.1 ms]
      [Ref Proc: 0.1 ms]
      [Ref Enq: 0.0 ms]
      [Redirty Cards: 0.1 ms]
      [Humongous Register: 0.2 ms]
      [Humongous Reclaim: 0.0 ms]
      [Free CSet: 0.1 ms]
   [Eden: 44.0M(44.0M)->0.0B(287.0M) Survivors: 7168.0K->7168.0K Heap: 580.3M(1024.0M)->482.4M(1024.0M)]
 [Times: user=0.19 sys=0.02, real=0.01 secs] 
2022-01-15T13:52:58.586+0800: 0.826: [GC pause (G1 Humongous Allocation) (young) (initial-mark), 0.0016150 secs]
   [Parallel Time: 1.2 ms, GC Workers: 13]
      [GC Worker Start (ms): Min: 826.3, Avg: 826.3, Max: 826.3, Diff: 0.1]
      [Ext Root Scanning (ms): Min: 0.1, Avg: 0.1, Max: 0.1, Diff: 0.1, Sum: 1.6]
      [Update RS (ms): Min: 0.0, Avg: 0.1, Max: 0.3, Diff: 0.2, Sum: 1.4]
         [Processed Buffers: Min: 1, Avg: 1.1, Max: 2, Diff: 1, Sum: 14]
      [Scan RS (ms): Min: 0.0, Avg: 0.0, Max: 0.0, Diff: 0.0, Sum: 0.0]
      [Code Root Scanning (ms): Min: 0.0, Avg: 0.0, Max: 0.0, Diff: 0.0, Sum: 0.0]
      [Object Copy (ms): Min: 0.6, Avg: 0.7, Max: 0.8, Diff: 0.2, Sum: 9.4]
      [Termination (ms): Min: 0.0, Avg: 0.1, Max: 0.2, Diff: 0.2, Sum: 1.1]
         [Termination Attempts: Min: 1, Avg: 1.0, Max: 1, Diff: 0, Sum: 13]
      [GC Worker Other (ms): Min: 0.0, Avg: 0.0, Max: 0.0, Diff: 0.0, Sum: 0.2]
      [GC Worker Total (ms): Min: 1.0, Avg: 1.1, Max: 1.1, Diff: 0.1, Sum: 13.7]
      [GC Worker End (ms): Min: 827.3, Avg: 827.4, Max: 827.4, Diff: 0.0]
   [Code Root Fixup: 0.0 ms]
   [Code Root Purge: 0.0 ms]
   [Clear CT: 0.1 ms]
   [Other: 0.4 ms]
      [Choose CSet: 0.0 ms]
      [Ref Proc: 0.1 ms]
      [Ref Enq: 0.0 ms]
      [Redirty Cards: 0.1 ms]
      [Humongous Register: 0.1 ms]
      [Humongous Reclaim: 0.0 ms]
      [Free CSet: 0.0 ms]
   [Eden: 7168.0K(287.0M)->0.0B(281.0M) Survivors: 7168.0K->10.0M Heap: 488.9M(1024.0M)->484.8M(1024.0M)]
 [Times: user=0.00 sys=0.00, real=0.00 secs] 
2022-01-15T13:52:58.587+0800: 0.828: [GC concurrent-root-region-scan-start]
2022-01-15T13:52:58.587+0800: 0.828: [GC concurrent-root-region-scan-end, 0.0001343 secs]
2022-01-15T13:52:58.587+0800: 0.828: [GC concurrent-mark-start]
2022-01-15T13:52:58.589+0800: 0.830: [GC concurrent-mark-end, 0.0016329 secs]
2022-01-15T13:52:58.589+0800: 0.830: [GC remark 2022-01-15T13:52:58.589+0800: 0.830: [Finalize Marking, 0.0001363 secs] 2022-01-15T13:52:58.589+0800: 0.830: [GC ref-proc, 0.0000820 secs] 2022-01-15T13:52:58.589+0800: 0.830: [Unloading, 0.0004601 secs], 0.0010905 secs]
 [Times: user=0.00 sys=0.00, real=0.00 secs] 
2022-01-15T13:52:58.590+0800: 0.831: [GC cleanup 502M->500M(1024M), 0.0006399 secs]
 [Times: user=0.00 sys=0.00, real=0.00 secs] 
2022-01-15T13:52:58.591+0800: 0.832: [GC concurrent-cleanup-start]
2022-01-15T13:52:58.591+0800: 0.832: [GC concurrent-cleanup-end, 0.0000071 secs]
2022-01-15T13:52:58.635+0800: 0.876: [GC pause (G1 Evacuation Pause) (young) (to-space exhausted), 0.0100222 secs]
   [Parallel Time: 9.0 ms, GC Workers: 13]
      [GC Worker Start (ms): Min: 876.3, Avg: 876.3, Max: 876.4, Diff: 0.1]
      [Ext Root Scanning (ms): Min: 0.1, Avg: 0.1, Max: 0.2, Diff: 0.1, Sum: 1.6]
      [Update RS (ms): Min: 0.3, Avg: 0.4, Max: 0.4, Diff: 0.1, Sum: 4.9]
         [Processed Buffers: Min: 0, Avg: 5.2, Max: 9, Diff: 9, Sum: 67]
      [Scan RS (ms): Min: 0.0, Avg: 0.0, Max: 0.0, Diff: 0.0, Sum: 0.3]
      [Code Root Scanning (ms): Min: 0.0, Avg: 0.0, Max: 0.0, Diff: 0.0, Sum: 0.0]
      [Object Copy (ms): Min: 8.2, Avg: 8.3, Max: 8.4, Diff: 0.2, Sum: 108.2]
      [Termination (ms): Min: 0.0, Avg: 0.0, Max: 0.1, Diff: 0.1, Sum: 0.6]
         [Termination Attempts: Min: 1, Avg: 1.1, Max: 2, Diff: 1, Sum: 14]
      [GC Worker Other (ms): Min: 0.0, Avg: 0.0, Max: 0.1, Diff: 0.0, Sum: 0.6]
      [GC Worker Total (ms): Min: 8.9, Avg: 8.9, Max: 9.0, Diff: 0.1, Sum: 116.2]
      [GC Worker End (ms): Min: 885.3, Avg: 885.3, Max: 885.3, Diff: 0.0]
   [Code Root Fixup: 0.0 ms]
   [Code Root Purge: 0.0 ms]
   [Clear CT: 0.1 ms]
   [Other: 0.9 ms]
      [Evacuation Failure: 0.1 ms]
      [Choose CSet: 0.0 ms]
      [Ref Proc: 0.1 ms]
      [Ref Enq: 0.0 ms]
      [Redirty Cards: 0.1 ms]
      [Humongous Register: 0.2 ms]
      [Humongous Reclaim: 0.2 ms]
      [Free CSet: 0.1 ms]
   [Eden: 281.0M(281.0M)->0.0B(14.0M) Survivors: 10.0M->37.0M Heap: 838.3M(1024.0M)->570.8M(1024.0M)]
 [Times: user=0.14 sys=0.03, real=0.01 secs] 
2022-01-15T13:52:58.648+0800: 0.889: [GC pause (G1 Evacuation Pause) (mixed), 0.0084768 secs]
   [Parallel Time: 7.7 ms, GC Workers: 13]
      [GC Worker Start (ms): Min: 888.9, Avg: 889.0, Max: 889.0, Diff: 0.1]
      [Ext Root Scanning (ms): Min: 0.1, Avg: 0.1, Max: 0.5, Diff: 0.4, Sum: 1.8]
      [Update RS (ms): Min: 0.0, Avg: 0.1, Max: 0.1, Diff: 0.1, Sum: 1.2]
         [Processed Buffers: Min: 0, Avg: 1.9, Max: 3, Diff: 3, Sum: 25]
      [Scan RS (ms): Min: 0.0, Avg: 0.0, Max: 0.1, Diff: 0.1, Sum: 0.5]
      [Code Root Scanning (ms): Min: 0.0, Avg: 0.0, Max: 0.0, Diff: 0.0, Sum: 0.0]
      [Object Copy (ms): Min: 7.1, Avg: 7.2, Max: 7.3, Diff: 0.2, Sum: 94.2]
      [Termination (ms): Min: 0.0, Avg: 0.1, Max: 0.1, Diff: 0.1, Sum: 0.8]
         [Termination Attempts: Min: 1, Avg: 1.0, Max: 1, Diff: 0, Sum: 13]
      [GC Worker Other (ms): Min: 0.0, Avg: 0.0, Max: 0.0, Diff: 0.0, Sum: 0.5]
      [GC Worker Total (ms): Min: 7.6, Avg: 7.6, Max: 7.7, Diff: 0.1, Sum: 98.9]
      [GC Worker End (ms): Min: 896.6, Avg: 896.6, Max: 896.6, Diff: 0.0]
   [Code Root Fixup: 0.0 ms]
   [Code Root Purge: 0.0 ms]
   [Clear CT: 0.1 ms]
   [Other: 0.7 ms]
      [Choose CSet: 0.1 ms]
      [Ref Proc: 0.1 ms]
      [Ref Enq: 0.0 ms]
      [Redirty Cards: 0.1 ms]
      [Humongous Register: 0.1 ms]
      [Humongous Reclaim: 0.0 ms]
      [Free CSet: 0.1 ms]
   [Eden: 14.0M(14.0M)->0.0B(47.0M) Survivors: 37.0M->4096.0K Heap: 586.0M(1024.0M)->500.3M(1024.0M)]
 [Times: user=0.00 sys=0.00, real=0.01 secs] 
2022-01-15T13:52:58.665+0800: 0.905: [GC pause (G1 Evacuation Pause) (mixed), 0.0039152 secs]
   [Parallel Time: 3.3 ms, GC Workers: 13]
      [GC Worker Start (ms): Min: 905.4, Avg: 905.4, Max: 905.5, Diff: 0.1]
      [Ext Root Scanning (ms): Min: 0.1, Avg: 0.1, Max: 0.2, Diff: 0.1, Sum: 1.6]
      [Update RS (ms): Min: 0.5, Avg: 0.5, Max: 0.5, Diff: 0.1, Sum: 6.8]
         [Processed Buffers: Min: 3, Avg: 6.6, Max: 10, Diff: 7, Sum: 86]
      [Scan RS (ms): Min: 0.0, Avg: 0.0, Max: 0.0, Diff: 0.0, Sum: 0.2]
      [Code Root Scanning (ms): Min: 0.0, Avg: 0.0, Max: 0.0, Diff: 0.0, Sum: 0.0]
      [Object Copy (ms): Min: 2.3, Avg: 2.4, Max: 2.5, Diff: 0.1, Sum: 31.2]
      [Termination (ms): Min: 0.0, Avg: 0.1, Max: 0.1, Diff: 0.1, Sum: 1.1]
         [Termination Attempts: Min: 1, Avg: 1.1, Max: 2, Diff: 1, Sum: 14]
      [GC Worker Other (ms): Min: 0.0, Avg: 0.0, Max: 0.1, Diff: 0.0, Sum: 0.4]
      [GC Worker Total (ms): Min: 3.1, Avg: 3.2, Max: 3.2, Diff: 0.1, Sum: 41.2]
      [GC Worker End (ms): Min: 908.6, Avg: 908.6, Max: 908.6, Diff: 0.0]
   [Code Root Fixup: 0.0 ms]
   [Code Root Purge: 0.0 ms]
   [Clear CT: 0.1 ms]
   [Other: 0.6 ms]
      [Choose CSet: 0.0 ms]
      [Ref Proc: 0.1 ms]
      [Ref Enq: 0.0 ms]
      [Redirty Cards: 0.1 ms]
      [Humongous Register: 0.2 ms]
      [Humongous Reclaim: 0.1 ms]
      [Free CSet: 0.1 ms]
   [Eden: 47.0M(47.0M)->0.0B(262.0M) Survivors: 4096.0K->7168.0K Heap: 560.1M(1024.0M)->510.8M(1024.0M)]
 [Times: user=0.00 sys=0.00, real=0.00 secs] 
2022-01-15T13:52:58.669+0800: 0.910: [GC pause (G1 Humongous Allocation) (young) (initial-mark), 0.0014791 secs]
   [Parallel Time: 1.0 ms, GC Workers: 13]
      [GC Worker Start (ms): Min: 909.8, Avg: 909.8, Max: 909.8, Diff: 0.0]
      [Ext Root Scanning (ms): Min: 0.1, Avg: 0.1, Max: 0.1, Diff: 0.0, Sum: 1.5]
      [Update RS (ms): Min: 0.0, Avg: 0.1, Max: 0.5, Diff: 0.5, Sum: 1.8]
         [Processed Buffers: Min: 0, Avg: 1.0, Max: 2, Diff: 2, Sum: 13]
      [Scan RS (ms): Min: 0.0, Avg: 0.0, Max: 0.0, Diff: 0.0, Sum: 0.0]
      [Code Root Scanning (ms): Min: 0.0, Avg: 0.0, Max: 0.0, Diff: 0.0, Sum: 0.0]
      [Object Copy (ms): Min: 0.3, Avg: 0.6, Max: 0.8, Diff: 0.5, Sum: 7.6]
      [Termination (ms): Min: 0.0, Avg: 0.1, Max: 0.2, Diff: 0.2, Sum: 1.1]
         [Termination Attempts: Min: 1, Avg: 1.0, Max: 1, Diff: 0, Sum: 13]
      [GC Worker Other (ms): Min: 0.0, Avg: 0.0, Max: 0.0, Diff: 0.0, Sum: 0.1]
      [GC Worker Total (ms): Min: 0.9, Avg: 0.9, Max: 1.0, Diff: 0.1, Sum: 12.2]
      [GC Worker End (ms): Min: 910.7, Avg: 910.7, Max: 910.7, Diff: 0.0]
   [Code Root Fixup: 0.0 ms]
   [Code Root Purge: 0.0 ms]
   [Clear CT: 0.1 ms]
   [Other: 0.4 ms]
      [Choose CSet: 0.0 ms]
      [Ref Proc: 0.1 ms]
      [Ref Enq: 0.0 ms]
      [Redirty Cards: 0.1 ms]
      [Humongous Register: 0.1 ms]
      [Humongous Reclaim: 0.0 ms]
      [Free CSet: 0.0 ms]
   [Eden: 4096.0K(262.0M)->0.0B(250.0M) Survivors: 7168.0K->9216.0K Heap: 513.9M(1024.0M)->511.4M(1024.0M)]
 [Times: user=0.00 sys=0.00, real=0.00 secs] 
2022-01-15T13:52:58.671+0800: 0.911: [GC concurrent-root-region-scan-start]
2022-01-15T13:52:58.671+0800: 0.911: [GC concurrent-root-region-scan-end, 0.0001138 secs]
2022-01-15T13:52:58.671+0800: 0.911: [GC concurrent-mark-start]
2022-01-15T13:52:58.672+0800: 0.912: [GC concurrent-mark-end, 0.0011564 secs]
2022-01-15T13:52:58.672+0800: 0.913: [GC remark 2022-01-15T13:52:58.672+0800: 0.913: [Finalize Marking, 0.0001036 secs] 2022-01-15T13:52:58.672+0800: 0.913: [GC ref-proc, 0.0000821 secs] 2022-01-15T13:52:58.672+0800: 0.913: [Unloading, 0.0003936 secs], 0.0009530 secs]
 [Times: user=0.00 sys=0.00, real=0.00 secs] 
2022-01-15T13:52:58.673+0800: 0.914: [GC cleanup 522M->517M(1024M), 0.0005322 secs]
 [Times: user=0.00 sys=0.00, real=0.00 secs] 
2022-01-15T13:52:58.673+0800: 0.914: [GC concurrent-cleanup-start]
2022-01-15T13:52:58.673+0800: 0.914: [GC concurrent-cleanup-end, 0.0000084 secs]
2022-01-15T13:52:58.714+0800: 0.955: [GC pause (G1 Evacuation Pause) (young), 0.0098587 secs]
   [Parallel Time: 9.0 ms, GC Workers: 13]
      [GC Worker Start (ms): Min: 954.9, Avg: 955.0, Max: 955.0, Diff: 0.1]
      [Ext Root Scanning (ms): Min: 0.1, Avg: 0.1, Max: 0.2, Diff: 0.1, Sum: 1.5]
      [Update RS (ms): Min: 0.4, Avg: 0.4, Max: 0.4, Diff: 0.0, Sum: 5.5]
         [Processed Buffers: Min: 0, Avg: 6.4, Max: 9, Diff: 9, Sum: 83]
      [Scan RS (ms): Min: 0.0, Avg: 0.0, Max: 0.0, Diff: 0.0, Sum: 0.3]
      [Code Root Scanning (ms): Min: 0.0, Avg: 0.0, Max: 0.0, Diff: 0.0, Sum: 0.0]
      [Object Copy (ms): Min: 8.1, Avg: 8.2, Max: 8.3, Diff: 0.2, Sum: 106.5]
      [Termination (ms): Min: 0.0, Avg: 0.1, Max: 0.2, Diff: 0.2, Sum: 1.8]
         [Termination Attempts: Min: 1, Avg: 1.2, Max: 2, Diff: 1, Sum: 15]
      [GC Worker Other (ms): Min: 0.0, Avg: 0.1, Max: 0.1, Diff: 0.1, Sum: 0.7]
      [GC Worker Total (ms): Min: 8.9, Avg: 9.0, Max: 9.0, Diff: 0.1, Sum: 116.4]
      [GC Worker End (ms): Min: 963.9, Avg: 963.9, Max: 963.9, Diff: 0.0]
   [Code Root Fixup: 0.0 ms]
   [Code Root Purge: 0.0 ms]
   [Clear CT: 0.1 ms]
   [Other: 0.7 ms]
      [Choose CSet: 0.0 ms]
      [Ref Proc: 0.1 ms]
      [Ref Enq: 0.0 ms]
      [Redirty Cards: 0.1 ms]
      [Humongous Register: 0.2 ms]
      [Humongous Reclaim: 0.2 ms]
      [Free CSet: 0.1 ms]
   [Eden: 250.0M(250.0M)->0.0B(18.0M) Survivors: 9216.0K->33.0M Heap: 821.4M(1024.0M)->577.2M(1024.0M)]
 [Times: user=0.19 sys=0.00, real=0.01 secs] 
2022-01-15T13:52:58.727+0800: 0.968: [GC pause (G1 Evacuation Pause) (mixed), 0.0077335 secs]
   [Parallel Time: 7.0 ms, GC Workers: 13]
      [GC Worker Start (ms): Min: 968.0, Avg: 968.1, Max: 968.1, Diff: 0.1]
      [Ext Root Scanning (ms): Min: 0.1, Avg: 0.1, Max: 0.2, Diff: 0.1, Sum: 1.5]
      [Update RS (ms): Min: 0.2, Avg: 0.2, Max: 0.3, Diff: 0.1, Sum: 3.0]
         [Processed Buffers: Min: 3, Avg: 3.8, Max: 6, Diff: 3, Sum: 49]
      [Scan RS (ms): Min: 0.0, Avg: 0.0, Max: 0.1, Diff: 0.1, Sum: 0.5]
      [Code Root Scanning (ms): Min: 0.0, Avg: 0.0, Max: 0.0, Diff: 0.0, Sum: 0.0]
      [Object Copy (ms): Min: 6.2, Avg: 6.3, Max: 6.5, Diff: 0.2, Sum: 82.5]
      [Termination (ms): Min: 0.0, Avg: 0.1, Max: 0.2, Diff: 0.2, Sum: 1.6]
         [Termination Attempts: Min: 1, Avg: 1.2, Max: 2, Diff: 1, Sum: 15]
      [GC Worker Other (ms): Min: 0.0, Avg: 0.0, Max: 0.0, Diff: 0.0, Sum: 0.4]
      [GC Worker Total (ms): Min: 6.8, Avg: 6.9, Max: 6.9, Diff: 0.1, Sum: 89.5]
      [GC Worker End (ms): Min: 974.9, Avg: 974.9, Max: 975.0, Diff: 0.0]
   [Code Root Fixup: 0.0 ms]
   [Code Root Purge: 0.0 ms]
   [Clear CT: 0.1 ms]
   [Other: 0.7 ms]
      [Choose CSet: 0.1 ms]
      [Ref Proc: 0.1 ms]
      [Ref Enq: 0.0 ms]
      [Redirty Cards: 0.1 ms]
      [Humongous Register: 0.2 ms]
      [Humongous Reclaim: 0.0 ms]
      [Free CSet: 0.1 ms]
   [Eden: 18.0M(18.0M)->0.0B(46.0M) Survivors: 33.0M->5120.0K Heap: 599.6M(1024.0M)->505.7M(1024.0M)]
 [Times: user=0.00 sys=0.00, real=0.01 secs] 
2022-01-15T13:52:58.742+0800: 0.983: [GC pause (G1 Evacuation Pause) (mixed), 0.0049338 secs]
   [Parallel Time: 4.2 ms, GC Workers: 13]
      [GC Worker Start (ms): Min: 983.3, Avg: 983.3, Max: 983.4, Diff: 0.1]
      [Ext Root Scanning (ms): Min: 0.1, Avg: 0.1, Max: 0.1, Diff: 0.1, Sum: 1.4]
      [Update RS (ms): Min: 0.5, Avg: 0.5, Max: 0.5, Diff: 0.1, Sum: 6.7]
         [Processed Buffers: Min: 2, Avg: 8.1, Max: 12, Diff: 10, Sum: 105]
      [Scan RS (ms): Min: 0.0, Avg: 0.0, Max: 0.1, Diff: 0.1, Sum: 0.5]
      [Code Root Scanning (ms): Min: 0.0, Avg: 0.0, Max: 0.0, Diff: 0.0, Sum: 0.0]
      [Object Copy (ms): Min: 3.2, Avg: 3.3, Max: 3.4, Diff: 0.2, Sum: 43.2]
      [Termination (ms): Min: 0.0, Avg: 0.1, Max: 0.2, Diff: 0.2, Sum: 1.4]
         [Termination Attempts: Min: 1, Avg: 1.4, Max: 3, Diff: 2, Sum: 18]
      [GC Worker Other (ms): Min: 0.0, Avg: 0.0, Max: 0.1, Diff: 0.1, Sum: 0.5]
      [GC Worker Total (ms): Min: 4.1, Avg: 4.1, Max: 4.2, Diff: 0.1, Sum: 53.7]
      [GC Worker End (ms): Min: 987.4, Avg: 987.4, Max: 987.5, Diff: 0.0]
   [Code Root Fixup: 0.0 ms]
   [Code Root Purge: 0.0 ms]
   [Clear CT: 0.1 ms]
   [Other: 0.6 ms]
      [Choose CSet: 0.0 ms]
      [Ref Proc: 0.1 ms]
      [Ref Enq: 0.0 ms]
      [Redirty Cards: 0.1 ms]
      [Humongous Register: 0.2 ms]
      [Humongous Reclaim: 0.0 ms]
      [Free CSet: 0.1 ms]
   [Eden: 46.0M(46.0M)->0.0B(267.0M) Survivors: 5120.0K->7168.0K Heap: 563.0M(1024.0M)->494.8M(1024.0M)]
 [Times: user=0.00 sys=0.00, real=0.00 secs] 
2022-01-15T13:52:58.748+0800: 0.989: [GC pause (G1 Humongous Allocation) (young) (initial-mark), 0.0015556 secs]
   [Parallel Time: 1.1 ms, GC Workers: 13]
      [GC Worker Start (ms): Min: 988.9, Avg: 988.9, Max: 988.9, Diff: 0.0]
      [Ext Root Scanning (ms): Min: 0.1, Avg: 0.1, Max: 0.1, Diff: 0.0, Sum: 1.5]
      [Update RS (ms): Min: 0.0, Avg: 0.1, Max: 0.4, Diff: 0.4, Sum: 1.5]
         [Processed Buffers: Min: 1, Avg: 1.1, Max: 2, Diff: 1, Sum: 14]
      [Scan RS (ms): Min: 0.0, Avg: 0.0, Max: 0.0, Diff: 0.0, Sum: 0.0]
      [Code Root Scanning (ms): Min: 0.0, Avg: 0.0, Max: 0.0, Diff: 0.0, Sum: 0.0]
      [Object Copy (ms): Min: 0.5, Avg: 0.7, Max: 0.9, Diff: 0.4, Sum: 8.9]
      [Termination (ms): Min: 0.0, Avg: 0.1, Max: 0.2, Diff: 0.2, Sum: 1.4]
         [Termination Attempts: Min: 1, Avg: 1.0, Max: 1, Diff: 0, Sum: 13]
      [GC Worker Other (ms): Min: 0.0, Avg: 0.0, Max: 0.0, Diff: 0.0, Sum: 0.1]
      [GC Worker Total (ms): Min: 1.0, Avg: 1.0, Max: 1.1, Diff: 0.0, Sum: 13.5]
      [GC Worker End (ms): Min: 989.9, Avg: 989.9, Max: 989.9, Diff: 0.0]
   [Code Root Fixup: 0.0 ms]
   [Code Root Purge: 0.0 ms]
   [Clear CT: 0.1 ms]
   [Other: 0.4 ms]
      [Choose CSet: 0.0 ms]
      [Ref Proc: 0.1 ms]
      [Ref Enq: 0.0 ms]
      [Redirty Cards: 0.1 ms]
      [Humongous Register: 0.1 ms]
      [Humongous Reclaim: 0.0 ms]
      [Free CSet: 0.0 ms]
   [Eden: 6144.0K(267.0M)->0.0B(282.0M) Survivors: 7168.0K->9216.0K Heap: 500.6M(1024.0M)->495.8M(1024.0M)]
 [Times: user=0.00 sys=0.00, real=0.00 secs] 
2022-01-15T13:52:58.750+0800: 0.990: [GC concurrent-root-region-scan-start]
2022-01-15T13:52:58.750+0800: 0.991: [GC concurrent-root-region-scan-end, 0.0001044 secs]
2022-01-15T13:52:58.750+0800: 0.991: [GC concurrent-mark-start]
2022-01-15T13:52:58.751+0800: 0.992: [GC concurrent-mark-end, 0.0011349 secs]
2022-01-15T13:52:58.751+0800: 0.992: [GC remark 2022-01-15T13:52:58.751+0800: 0.992: [Finalize Marking, 0.0000839 secs] 2022-01-15T13:52:58.751+0800: 0.992: [GC ref-proc, 0.0000819 secs] 2022-01-15T13:52:58.751+0800: 0.992: [Unloading, 0.0003899 secs], 0.0009268 secs]
 [Times: user=0.20 sys=0.00, real=0.00 secs] 
2022-01-15T13:52:58.752+0800: 0.993: [GC cleanup 504M->499M(1024M), 0.0005475 secs]
 [Times: user=0.00 sys=0.00, real=0.00 secs] 
2022-01-15T13:52:58.753+0800: 0.993: [GC concurrent-cleanup-start]
2022-01-15T13:52:58.753+0800: 0.993: [GC concurrent-cleanup-end, 0.0000109 secs]
2022-01-15T13:52:58.799+0800: 1.039: [GC pause (G1 Evacuation Pause) (young), 0.0097354 secs]
   [Parallel Time: 8.9 ms, GC Workers: 13]
      [GC Worker Start (ms): Min: 1039.4, Avg: 1039.5, Max: 1039.5, Diff: 0.1]
      [Ext Root Scanning (ms): Min: 0.1, Avg: 0.1, Max: 0.2, Diff: 0.1, Sum: 1.5]
      [Update RS (ms): Min: 0.5, Avg: 0.5, Max: 0.5, Diff: 0.0, Sum: 6.8]
         [Processed Buffers: Min: 2, Avg: 7.2, Max: 12, Diff: 10, Sum: 93]
      [Scan RS (ms): Min: 0.0, Avg: 0.0, Max: 0.0, Diff: 0.0, Sum: 0.4]
      [Code Root Scanning (ms): Min: 0.0, Avg: 0.0, Max: 0.0, Diff: 0.0, Sum: 0.0]
      [Object Copy (ms): Min: 7.8, Avg: 7.9, Max: 8.0, Diff: 0.2, Sum: 102.5]
      [Termination (ms): Min: 0.0, Avg: 0.1, Max: 0.2, Diff: 0.2, Sum: 1.7]
         [Termination Attempts: Min: 1, Avg: 1.0, Max: 1, Diff: 0, Sum: 13]
      [GC Worker Other (ms): Min: 0.0, Avg: 0.0, Max: 0.1, Diff: 0.1, Sum: 0.6]
      [GC Worker Total (ms): Min: 8.7, Avg: 8.7, Max: 8.8, Diff: 0.1, Sum: 113.5]
      [GC Worker End (ms): Min: 1048.2, Avg: 1048.2, Max: 1048.2, Diff: 0.1]
   [Code Root Fixup: 0.0 ms]
   [Code Root Purge: 0.0 ms]
   [Clear CT: 0.1 ms]
   [Other: 0.7 ms]
      [Choose CSet: 0.0 ms]
      [Ref Proc: 0.1 ms]
      [Ref Enq: 0.0 ms]
      [Redirty Cards: 0.1 ms]
      [Humongous Register: 0.1 ms]
      [Humongous Reclaim: 0.2 ms]
      [Free CSet: 0.2 ms]
   [Eden: 282.0M(282.0M)->0.0B(14.0M) Survivors: 9216.0K->37.0M Heap: 842.0M(1024.0M)->567.0M(1024.0M)]
 [Times: user=0.00 sys=0.00, real=0.01 secs] 
2022-01-15T13:52:58.810+0800: 1.051: [GC pause (G1 Evacuation Pause) (mixed), 0.0080695 secs]
   [Parallel Time: 7.3 ms, GC Workers: 13]
      [GC Worker Start (ms): Min: 1051.3, Avg: 1051.3, Max: 1051.4, Diff: 0.1]
      [Ext Root Scanning (ms): Min: 0.1, Avg: 0.1, Max: 0.2, Diff: 0.1, Sum: 1.6]
      [Update RS (ms): Min: 0.1, Avg: 0.1, Max: 0.2, Diff: 0.1, Sum: 1.0]
         [Processed Buffers: Min: 1, Avg: 1.5, Max: 3, Diff: 2, Sum: 19]
      [Scan RS (ms): Min: 0.0, Avg: 0.0, Max: 0.1, Diff: 0.1, Sum: 0.5]
      [Code Root Scanning (ms): Min: 0.0, Avg: 0.0, Max: 0.0, Diff: 0.0, Sum: 0.0]
      [Object Copy (ms): Min: 6.8, Avg: 6.9, Max: 7.0, Diff: 0.2, Sum: 89.3]
      [Termination (ms): Min: 0.0, Avg: 0.1, Max: 0.2, Diff: 0.2, Sum: 1.1]
         [Termination Attempts: Min: 1, Avg: 1.0, Max: 1, Diff: 0, Sum: 13]
      [GC Worker Other (ms): Min: 0.0, Avg: 0.0, Max: 0.1, Diff: 0.0, Sum: 0.5]
      [GC Worker Total (ms): Min: 7.2, Avg: 7.2, Max: 7.3, Diff: 0.1, Sum: 93.9]
      [GC Worker End (ms): Min: 1058.5, Avg: 1058.6, Max: 1058.6, Diff: 0.0]
   [Code Root Fixup: 0.0 ms]
   [Code Root Purge: 0.0 ms]
   [Clear CT: 0.1 ms]
   [Other: 0.7 ms]
      [Choose CSet: 0.0 ms]
      [Ref Proc: 0.1 ms]
      [Ref Enq: 0.0 ms]
      [Redirty Cards: 0.1 ms]
      [Humongous Register: 0.1 ms]
      [Humongous Reclaim: 0.0 ms]
      [Free CSet: 0.1 ms]
   [Eden: 14.0M(14.0M)->0.0B(46.0M) Survivors: 37.0M->5120.0K Heap: 581.7M(1024.0M)->500.5M(1024.0M)]
 [Times: user=0.19 sys=0.02, real=0.01 secs] 
2022-01-15T13:52:58.826+0800: 1.067: [GC pause (G1 Evacuation Pause) (mixed), 0.0044262 secs]
   [Parallel Time: 3.8 ms, GC Workers: 13]
      [GC Worker Start (ms): Min: 1067.3, Avg: 1067.3, Max: 1067.4, Diff: 0.1]
      [Ext Root Scanning (ms): Min: 0.1, Avg: 0.1, Max: 0.2, Diff: 0.1, Sum: 1.6]
      [Update RS (ms): Min: 0.5, Avg: 0.6, Max: 0.6, Diff: 0.0, Sum: 7.3]
         [Processed Buffers: Min: 6, Avg: 8.5, Max: 14, Diff: 8, Sum: 111]
      [Scan RS (ms): Min: 0.0, Avg: 0.0, Max: 0.0, Diff: 0.0, Sum: 0.1]
      [Code Root Scanning (ms): Min: 0.0, Avg: 0.0, Max: 0.0, Diff: 0.0, Sum: 0.0]
      [Object Copy (ms): Min: 2.8, Avg: 2.9, Max: 3.0, Diff: 0.2, Sum: 37.7]
      [Termination (ms): Min: 0.0, Avg: 0.1, Max: 0.2, Diff: 0.2, Sum: 1.2]
         [Termination Attempts: Min: 1, Avg: 2.1, Max: 5, Diff: 4, Sum: 27]
      [GC Worker Other (ms): Min: 0.0, Avg: 0.0, Max: 0.0, Diff: 0.0, Sum: 0.2]
      [GC Worker Total (ms): Min: 3.7, Avg: 3.7, Max: 3.8, Diff: 0.1, Sum: 48.2]
      [GC Worker End (ms): Min: 1071.0, Avg: 1071.1, Max: 1071.1, Diff: 0.0]
   [Code Root Fixup: 0.0 ms]
   [Code Root Purge: 0.0 ms]
   [Clear CT: 0.1 ms]
   [Other: 0.5 ms]
      [Choose CSet: 0.0 ms]
      [Ref Proc: 0.1 ms]
      [Ref Enq: 0.0 ms]
      [Redirty Cards: 0.1 ms]
      [Humongous Register: 0.2 ms]
      [Humongous Reclaim: 0.0 ms]
      [Free CSet: 0.1 ms]
   [Eden: 46.0M(46.0M)->0.0B(272.0M) Survivors: 5120.0K->7168.0K Heap: 561.0M(1024.0M)->506.6M(1024.0M)]
 [Times: user=0.20 sys=0.00, real=0.01 secs] 
2022-01-15T13:52:58.831+0800: 1.072: [GC pause (G1 Humongous Allocation) (young) (initial-mark), 0.0013230 secs]
   [Parallel Time: 0.9 ms, GC Workers: 13]
      [GC Worker Start (ms): Min: 1071.9, Avg: 1071.9, Max: 1071.9, Diff: 0.1]
      [Ext Root Scanning (ms): Min: 0.1, Avg: 0.1, Max: 0.1, Diff: 0.1, Sum: 1.5]
      [Update RS (ms): Min: 0.0, Avg: 0.2, Max: 0.6, Diff: 0.5, Sum: 2.1]
         [Processed Buffers: Min: 1, Avg: 1.2, Max: 2, Diff: 1, Sum: 15]
      [Scan RS (ms): Min: 0.0, Avg: 0.0, Max: 0.0, Diff: 0.0, Sum: 0.0]
      [Code Root Scanning (ms): Min: 0.0, Avg: 0.0, Max: 0.0, Diff: 0.0, Sum: 0.0]
      [Object Copy (ms): Min: 0.0, Avg: 0.4, Max: 0.6, Diff: 0.6, Sum: 5.6]
      [Termination (ms): Min: 0.0, Avg: 0.1, Max: 0.2, Diff: 0.2, Sum: 1.1]
         [Termination Attempts: Min: 1, Avg: 1.9, Max: 5, Diff: 4, Sum: 25]
      [GC Worker Other (ms): Min: 0.0, Avg: 0.0, Max: 0.0, Diff: 0.0, Sum: 0.1]
      [GC Worker Total (ms): Min: 0.8, Avg: 0.8, Max: 0.8, Diff: 0.0, Sum: 10.4]
      [GC Worker End (ms): Min: 1072.7, Avg: 1072.7, Max: 1072.7, Diff: 0.0]
   [Code Root Fixup: 0.0 ms]
   [Code Root Purge: 0.0 ms]
   [Clear CT: 0.1 ms]
   [Other: 0.4 ms]
      [Choose CSet: 0.0 ms]
      [Ref Proc: 0.1 ms]
      [Ref Enq: 0.0 ms]
      [Redirty Cards: 0.1 ms]
      [Humongous Register: 0.1 ms]
      [Humongous Reclaim: 0.0 ms]
      [Free CSet: 0.0 ms]
   [Eden: 2048.0K(272.0M)->0.0B(286.0M) Survivors: 7168.0K->8192.0K Heap: 507.7M(1024.0M)->507.4M(1024.0M)]
 [Times: user=0.00 sys=0.00, real=0.00 secs] 
2022-01-15T13:52:58.832+0800: 1.073: [GC concurrent-root-region-scan-start]
2022-01-15T13:52:58.833+0800: 1.073: [GC concurrent-root-region-scan-end, 0.0001362 secs]
2022-01-15T13:52:58.833+0800: 1.073: [GC concurrent-mark-start]
2022-01-15T13:52:58.834+0800: 1.075: [GC concurrent-mark-end, 0.0012339 secs]
2022-01-15T13:52:58.834+0800: 1.075: [GC remark 2022-01-15T13:52:58.834+0800: 1.075: [Finalize Marking, 0.0001086 secs] 2022-01-15T13:52:58.834+0800: 1.075: [GC ref-proc, 0.0000820 secs] 2022-01-15T13:52:58.834+0800: 1.075: [Unloading, 0.0004000 secs], 0.0009177 secs]
 [Times: user=0.00 sys=0.00, real=0.00 secs] 
2022-01-15T13:52:58.835+0800: 1.076: [GC cleanup 519M->514M(1024M), 0.0005027 secs]
 [Times: user=0.00 sys=0.00, real=0.00 secs] 
2022-01-15T13:52:58.835+0800: 1.076: [GC concurrent-cleanup-start]
2022-01-15T13:52:58.835+0800: 1.076: [GC concurrent-cleanup-end, 0.0000102 secs]
Heap
 garbage-first heap   total 1048576K, used 633933K [0x00000000c0000000, 0x00000000c0102000, 0x0000000100000000)
  region size 1024K, 100 young (102400K), 8 survivors (8192K)
 Metaspace       used 3897K, capacity 4572K, committed 4864K, reserved 1056768K
  class space    used 431K, capacity 460K, committed 512K, reserved 1048576K
