Java HotSpot(TM) 64-Bit Server VM (25.311-b11) for windows-amd64 JRE (1.8.0_311-b11), built on Sep 27 2021 05:15:14 by "java_re" with MS VC++ 15.9 (VS2017)
Memory: 4k page, physical 16110084k(3983660k free), swap 34984452k(11514972k free)
CommandLine flags: -XX:InitialHeapSize=4294967296 -XX:MaxHeapSize=4294967296 -XX:+PrintGC -XX:+PrintGCDateStamps -XX:+PrintGCDetails -XX:+PrintGCTimeStamps -XX:+UseCompressedClassPointers -XX:+UseCompressedOops -XX:+UseG1GC -XX:-UseLargePagesIndividualAllocation 
2022-01-15T13:54:18.938+0800: 0.198: [GC pause (G1 Evacuation Pause) (young), 0.0085135 secs]
   [Parallel Time: 7.8 ms, GC Workers: 13]
      [GC Worker Start (ms): Min: 197.9, Avg: 197.9, Max: 198.0, Diff: 0.1]
      [Ext Root Scanning (ms): Min: 0.1, Avg: 0.2, Max: 0.3, Diff: 0.2, Sum: 2.1]
      [Update RS (ms): Min: 0.0, Avg: 0.0, Max: 0.0, Diff: 0.0, Sum: 0.0]
         [Processed Buffers: Min: 0, Avg: 0.0, Max: 0, Diff: 0, Sum: 0]
      [Scan RS (ms): Min: 0.0, Avg: 0.0, Max: 0.0, Diff: 0.0, Sum: 0.1]
      [Code Root Scanning (ms): Min: 0.0, Avg: 0.0, Max: 0.0, Diff: 0.0, Sum: 0.0]
      [Object Copy (ms): Min: 7.2, Avg: 7.4, Max: 7.5, Diff: 0.3, Sum: 95.9]
      [Termination (ms): Min: 0.0, Avg: 0.1, Max: 0.3, Diff: 0.3, Sum: 1.4]
         [Termination Attempts: Min: 1, Avg: 1.0, Max: 1, Diff: 0, Sum: 13]
      [GC Worker Other (ms): Min: 0.1, Avg: 0.1, Max: 0.1, Diff: 0.1, Sum: 1.0]
      [GC Worker Total (ms): Min: 7.7, Avg: 7.7, Max: 7.8, Diff: 0.1, Sum: 100.5]
      [GC Worker End (ms): Min: 205.7, Avg: 205.7, Max: 205.7, Diff: 0.0]
   [Code Root Fixup: 0.0 ms]
   [Code Root Purge: 0.0 ms]
   [Clear CT: 0.1 ms]
   [Other: 0.6 ms]
      [Choose CSet: 0.0 ms]
      [Ref Proc: 0.1 ms]
      [Ref Enq: 0.0 ms]
      [Redirty Cards: 0.1 ms]
      [Humongous Register: 0.0 ms]
      [Humongous Reclaim: 0.0 ms]
      [Free CSet: 0.1 ms]
   [Eden: 204.0M(204.0M)->0.0B(178.0M) Survivors: 0.0B->26.0M Heap: 204.0M(4096.0M)->67.3M(4096.0M)]
 [Times: user=0.01 sys=0.00, real=0.01 secs] 
2022-01-15T13:54:18.972+0800: 0.232: [GC pause (G1 Evacuation Pause) (young), 0.0097566 secs]
   [Parallel Time: 8.9 ms, GC Workers: 13]
      [GC Worker Start (ms): Min: 231.7, Avg: 231.7, Max: 231.8, Diff: 0.1]
      [Ext Root Scanning (ms): Min: 0.1, Avg: 0.1, Max: 0.3, Diff: 0.2, Sum: 1.6]
      [Update RS (ms): Min: 0.0, Avg: 0.0, Max: 0.1, Diff: 0.1, Sum: 0.2]
         [Processed Buffers: Min: 0, Avg: 0.9, Max: 2, Diff: 2, Sum: 12]
      [Scan RS (ms): Min: 0.0, Avg: 0.0, Max: 0.0, Diff: 0.0, Sum: 0.2]
      [Code Root Scanning (ms): Min: 0.0, Avg: 0.0, Max: 0.0, Diff: 0.0, Sum: 0.0]
      [Object Copy (ms): Min: 8.5, Avg: 8.6, Max: 8.7, Diff: 0.2, Sum: 111.2]
      [Termination (ms): Min: 0.0, Avg: 0.1, Max: 0.2, Diff: 0.2, Sum: 1.5]
         [Termination Attempts: Min: 1, Avg: 1.0, Max: 1, Diff: 0, Sum: 13]
      [GC Worker Other (ms): Min: 0.0, Avg: 0.0, Max: 0.1, Diff: 0.0, Sum: 0.4]
      [GC Worker Total (ms): Min: 8.8, Avg: 8.9, Max: 8.9, Diff: 0.1, Sum: 115.1]
      [GC Worker End (ms): Min: 240.6, Avg: 240.6, Max: 240.6, Diff: 0.0]
   [Code Root Fixup: 0.0 ms]
   [Code Root Purge: 0.0 ms]
   [Clear CT: 0.1 ms]
   [Other: 0.7 ms]
      [Choose CSet: 0.0 ms]
      [Ref Proc: 0.1 ms]
      [Ref Enq: 0.0 ms]
      [Redirty Cards: 0.1 ms]
      [Humongous Register: 0.0 ms]
      [Humongous Reclaim: 0.0 ms]
      [Free CSet: 0.2 ms]
   [Eden: 178.0M(178.0M)->0.0B(178.0M) Survivors: 26.0M->26.0M Heap: 245.3M(4096.0M)->126.4M(4096.0M)]
 [Times: user=0.00 sys=0.00, real=0.01 secs] 
2022-01-15T13:54:19.007+0800: 0.267: [GC pause (G1 Evacuation Pause) (young), 0.0105754 secs]
   [Parallel Time: 9.9 ms, GC Workers: 13]
      [GC Worker Start (ms): Min: 266.7, Avg: 266.8, Max: 266.8, Diff: 0.1]
      [Ext Root Scanning (ms): Min: 0.1, Avg: 0.1, Max: 0.2, Diff: 0.1, Sum: 1.6]
      [Update RS (ms): Min: 0.0, Avg: 0.2, Max: 0.7, Diff: 0.7, Sum: 2.1]
         [Processed Buffers: Min: 1, Avg: 1.2, Max: 2, Diff: 1, Sum: 15]
      [Scan RS (ms): Min: 0.0, Avg: 0.0, Max: 0.0, Diff: 0.0, Sum: 0.1]
      [Code Root Scanning (ms): Min: 0.0, Avg: 0.0, Max: 0.0, Diff: 0.0, Sum: 0.0]
      [Object Copy (ms): Min: 8.7, Avg: 9.2, Max: 9.4, Diff: 0.7, Sum: 119.8]
      [Termination (ms): Min: 0.0, Avg: 0.2, Max: 0.3, Diff: 0.3, Sum: 2.7]
         [Termination Attempts: Min: 1, Avg: 1.0, Max: 1, Diff: 0, Sum: 13]
      [GC Worker Other (ms): Min: 0.0, Avg: 0.0, Max: 0.1, Diff: 0.0, Sum: 0.6]
      [GC Worker Total (ms): Min: 9.7, Avg: 9.8, Max: 9.8, Diff: 0.1, Sum: 126.9]
      [GC Worker End (ms): Min: 276.5, Avg: 276.5, Max: 276.5, Diff: 0.0]
   [Code Root Fixup: 0.0 ms]
   [Code Root Purge: 0.0 ms]
   [Clear CT: 0.1 ms]
   [Other: 0.6 ms]
      [Choose CSet: 0.0 ms]
      [Ref Proc: 0.1 ms]
      [Ref Enq: 0.0 ms]
      [Redirty Cards: 0.1 ms]
      [Humongous Register: 0.0 ms]
      [Humongous Reclaim: 0.0 ms]
      [Free CSet: 0.1 ms]
   [Eden: 178.0M(178.0M)->0.0B(178.0M) Survivors: 26.0M->26.0M Heap: 304.4M(4096.0M)->188.8M(4096.0M)]
 [Times: user=0.06 sys=0.14, real=0.01 secs] 
2022-01-15T13:54:19.041+0800: 0.301: [GC pause (G1 Evacuation Pause) (young), 0.0099418 secs]
   [Parallel Time: 9.2 ms, GC Workers: 13]
      [GC Worker Start (ms): Min: 300.6, Avg: 300.7, Max: 300.7, Diff: 0.1]
      [Ext Root Scanning (ms): Min: 0.1, Avg: 0.1, Max: 0.2, Diff: 0.1, Sum: 1.8]
      [Update RS (ms): Min: 0.0, Avg: 0.1, Max: 0.1, Diff: 0.1, Sum: 0.7]
         [Processed Buffers: Min: 1, Avg: 1.2, Max: 2, Diff: 1, Sum: 15]
      [Scan RS (ms): Min: 0.0, Avg: 0.0, Max: 0.0, Diff: 0.0, Sum: 0.2]
      [Code Root Scanning (ms): Min: 0.0, Avg: 0.0, Max: 0.0, Diff: 0.0, Sum: 0.0]
      [Object Copy (ms): Min: 8.4, Avg: 8.5, Max: 8.8, Diff: 0.4, Sum: 110.9]
      [Termination (ms): Min: 0.0, Avg: 0.3, Max: 0.4, Diff: 0.4, Sum: 3.5]
         [Termination Attempts: Min: 1, Avg: 1.0, Max: 1, Diff: 0, Sum: 13]
      [GC Worker Other (ms): Min: 0.0, Avg: 0.0, Max: 0.1, Diff: 0.0, Sum: 0.6]
      [GC Worker Total (ms): Min: 9.0, Avg: 9.0, Max: 9.1, Diff: 0.1, Sum: 117.6]
      [GC Worker End (ms): Min: 309.7, Avg: 309.7, Max: 309.7, Diff: 0.0]
   [Code Root Fixup: 0.0 ms]
   [Code Root Purge: 0.0 ms]
   [Clear CT: 0.1 ms]
   [Other: 0.6 ms]
      [Choose CSet: 0.0 ms]
      [Ref Proc: 0.1 ms]
      [Ref Enq: 0.0 ms]
      [Redirty Cards: 0.1 ms]
      [Humongous Register: 0.0 ms]
      [Humongous Reclaim: 0.0 ms]
      [Free CSet: 0.1 ms]
   [Eden: 178.0M(178.0M)->0.0B(178.0M) Survivors: 26.0M->26.0M Heap: 366.8M(4096.0M)->246.2M(4096.0M)]
 [Times: user=0.05 sys=0.16, real=0.01 secs] 
2022-01-15T13:54:19.075+0800: 0.334: [GC pause (G1 Evacuation Pause) (young), 0.0087119 secs]
   [Parallel Time: 8.1 ms, GC Workers: 13]
      [GC Worker Start (ms): Min: 334.3, Avg: 334.4, Max: 334.4, Diff: 0.1]
      [Ext Root Scanning (ms): Min: 0.1, Avg: 0.1, Max: 0.2, Diff: 0.1, Sum: 1.6]
      [Update RS (ms): Min: 0.0, Avg: 0.1, Max: 0.1, Diff: 0.0, Sum: 0.7]
         [Processed Buffers: Min: 1, Avg: 1.1, Max: 2, Diff: 1, Sum: 14]
      [Scan RS (ms): Min: 0.0, Avg: 0.0, Max: 0.0, Diff: 0.0, Sum: 0.1]
      [Code Root Scanning (ms): Min: 0.0, Avg: 0.0, Max: 0.0, Diff: 0.0, Sum: 0.0]
      [Object Copy (ms): Min: 7.5, Avg: 7.6, Max: 7.8, Diff: 0.3, Sum: 98.7]
      [Termination (ms): Min: 0.0, Avg: 0.2, Max: 0.3, Diff: 0.3, Sum: 2.1]
         [Termination Attempts: Min: 1, Avg: 1.0, Max: 1, Diff: 0, Sum: 13]
      [GC Worker Other (ms): Min: 0.0, Avg: 0.0, Max: 0.1, Diff: 0.0, Sum: 0.6]
      [GC Worker Total (ms): Min: 7.9, Avg: 8.0, Max: 8.0, Diff: 0.1, Sum: 103.8]
      [GC Worker End (ms): Min: 342.3, Avg: 342.4, Max: 342.4, Diff: 0.0]
   [Code Root Fixup: 0.0 ms]
   [Code Root Purge: 0.0 ms]
   [Clear CT: 0.1 ms]
   [Other: 0.5 ms]
      [Choose CSet: 0.0 ms]
      [Ref Proc: 0.1 ms]
      [Ref Enq: 0.0 ms]
      [Redirty Cards: 0.1 ms]
      [Humongous Register: 0.0 ms]
      [Humongous Reclaim: 0.0 ms]
      [Free CSet: 0.0 ms]
   [Eden: 178.0M(178.0M)->0.0B(178.0M) Survivors: 26.0M->26.0M Heap: 424.2M(4096.0M)->291.1M(4096.0M)]
 [Times: user=0.06 sys=0.11, real=0.01 secs] 
2022-01-15T13:54:19.107+0800: 0.366: [GC pause (G1 Evacuation Pause) (young), 0.0095538 secs]
   [Parallel Time: 8.9 ms, GC Workers: 13]
      [GC Worker Start (ms): Min: 366.1, Avg: 366.1, Max: 366.2, Diff: 0.1]
      [Ext Root Scanning (ms): Min: 0.1, Avg: 0.1, Max: 0.2, Diff: 0.1, Sum: 1.6]
      [Update RS (ms): Min: 0.0, Avg: 0.1, Max: 0.1, Diff: 0.1, Sum: 0.8]
         [Processed Buffers: Min: 1, Avg: 1.1, Max: 2, Diff: 1, Sum: 14]
      [Scan RS (ms): Min: 0.0, Avg: 0.0, Max: 0.0, Diff: 0.0, Sum: 0.1]
      [Code Root Scanning (ms): Min: 0.0, Avg: 0.0, Max: 0.0, Diff: 0.0, Sum: 0.0]
      [Object Copy (ms): Min: 8.2, Avg: 8.3, Max: 8.5, Diff: 0.4, Sum: 107.6]
      [Termination (ms): Min: 0.0, Avg: 0.3, Max: 0.4, Diff: 0.4, Sum: 3.3]
         [Termination Attempts: Min: 1, Avg: 1.2, Max: 2, Diff: 1, Sum: 16]
      [GC Worker Other (ms): Min: 0.0, Avg: 0.0, Max: 0.1, Diff: 0.1, Sum: 0.6]
      [GC Worker Total (ms): Min: 8.7, Avg: 8.8, Max: 8.8, Diff: 0.1, Sum: 114.1]
      [GC Worker End (ms): Min: 374.9, Avg: 374.9, Max: 374.9, Diff: 0.0]
   [Code Root Fixup: 0.0 ms]
   [Code Root Purge: 0.0 ms]
   [Clear CT: 0.1 ms]
   [Other: 0.6 ms]
      [Choose CSet: 0.0 ms]
      [Ref Proc: 0.1 ms]
      [Ref Enq: 0.0 ms]
      [Redirty Cards: 0.1 ms]
      [Humongous Register: 0.1 ms]
      [Humongous Reclaim: 0.0 ms]
      [Free CSet: 0.1 ms]
   [Eden: 178.0M(178.0M)->0.0B(178.0M) Survivors: 26.0M->26.0M Heap: 469.1M(4096.0M)->344.6M(4096.0M)]
 [Times: user=0.02 sys=0.19, real=0.01 secs] 
2022-01-15T13:54:19.138+0800: 0.397: [GC pause (G1 Evacuation Pause) (young), 0.0103382 secs]
   [Parallel Time: 9.7 ms, GC Workers: 13]
      [GC Worker Start (ms): Min: 397.4, Avg: 397.5, Max: 397.5, Diff: 0.1]
      [Ext Root Scanning (ms): Min: 0.1, Avg: 0.1, Max: 0.2, Diff: 0.1, Sum: 1.6]
      [Update RS (ms): Min: 0.0, Avg: 0.1, Max: 0.1, Diff: 0.1, Sum: 0.8]
         [Processed Buffers: Min: 1, Avg: 1.1, Max: 2, Diff: 1, Sum: 14]
      [Scan RS (ms): Min: 0.0, Avg: 0.0, Max: 0.0, Diff: 0.0, Sum: 0.1]
      [Code Root Scanning (ms): Min: 0.0, Avg: 0.0, Max: 0.0, Diff: 0.0, Sum: 0.0]
      [Object Copy (ms): Min: 8.9, Avg: 9.1, Max: 9.3, Diff: 0.5, Sum: 118.3]
      [Termination (ms): Min: 0.0, Avg: 0.2, Max: 0.5, Diff: 0.5, Sum: 3.2]
         [Termination Attempts: Min: 1, Avg: 1.0, Max: 1, Diff: 0, Sum: 13]
      [GC Worker Other (ms): Min: 0.0, Avg: 0.0, Max: 0.1, Diff: 0.0, Sum: 0.5]
      [GC Worker Total (ms): Min: 9.5, Avg: 9.6, Max: 9.6, Diff: 0.1, Sum: 124.6]
      [GC Worker End (ms): Min: 407.0, Avg: 407.0, Max: 407.1, Diff: 0.0]
   [Code Root Fixup: 0.0 ms]
   [Code Root Purge: 0.0 ms]
   [Clear CT: 0.1 ms]
   [Other: 0.6 ms]
      [Choose CSet: 0.0 ms]
      [Ref Proc: 0.1 ms]
      [Ref Enq: 0.0 ms]
      [Redirty Cards: 0.1 ms]
      [Humongous Register: 0.0 ms]
      [Humongous Reclaim: 0.0 ms]
      [Free CSet: 0.1 ms]
   [Eden: 178.0M(178.0M)->0.0B(218.0M) Survivors: 26.0M->26.0M Heap: 522.6M(4096.0M)->406.2M(4096.0M)]
 [Times: user=0.11 sys=0.09, real=0.01 secs] 
2022-01-15T13:54:19.179+0800: 0.438: [GC pause (G1 Evacuation Pause) (young), 0.0115566 secs]
   [Parallel Time: 10.9 ms, GC Workers: 13]
      [GC Worker Start (ms): Min: 438.3, Avg: 438.4, Max: 438.4, Diff: 0.1]
      [Ext Root Scanning (ms): Min: 0.1, Avg: 0.1, Max: 0.2, Diff: 0.1, Sum: 1.7]
      [Update RS (ms): Min: 0.0, Avg: 0.1, Max: 0.1, Diff: 0.1, Sum: 0.8]
         [Processed Buffers: Min: 1, Avg: 1.2, Max: 2, Diff: 1, Sum: 15]
      [Scan RS (ms): Min: 0.0, Avg: 0.0, Max: 0.0, Diff: 0.0, Sum: 0.2]
      [Code Root Scanning (ms): Min: 0.0, Avg: 0.0, Max: 0.0, Diff: 0.0, Sum: 0.0]
      [Object Copy (ms): Min: 10.0, Avg: 10.3, Max: 10.5, Diff: 0.6, Sum: 133.4]
      [Termination (ms): Min: 0.0, Avg: 0.3, Max: 0.6, Diff: 0.6, Sum: 3.5]
         [Termination Attempts: Min: 1, Avg: 1.0, Max: 1, Diff: 0, Sum: 13]
      [GC Worker Other (ms): Min: 0.0, Avg: 0.0, Max: 0.1, Diff: 0.1, Sum: 0.6]
      [GC Worker Total (ms): Min: 10.7, Avg: 10.8, Max: 10.8, Diff: 0.1, Sum: 140.1]
      [GC Worker End (ms): Min: 449.1, Avg: 449.1, Max: 449.2, Diff: 0.1]
   [Code Root Fixup: 0.0 ms]
   [Code Root Purge: 0.0 ms]
   [Clear CT: 0.1 ms]
   [Other: 0.5 ms]
      [Choose CSet: 0.0 ms]
      [Ref Proc: 0.1 ms]
      [Ref Enq: 0.0 ms]
      [Redirty Cards: 0.1 ms]
      [Humongous Register: 0.1 ms]
      [Humongous Reclaim: 0.0 ms]
      [Free CSet: 0.1 ms]
   [Eden: 218.0M(218.0M)->0.0B(238.0M) Survivors: 26.0M->32.0M Heap: 624.2M(4096.0M)->477.2M(4096.0M)]
 [Times: user=0.06 sys=0.14, real=0.01 secs] 
2022-01-15T13:54:19.220+0800: 0.480: [GC pause (G1 Evacuation Pause) (young), 0.0120712 secs]
   [Parallel Time: 11.5 ms, GC Workers: 13]
      [GC Worker Start (ms): Min: 479.9, Avg: 480.0, Max: 480.1, Diff: 0.2]
      [Ext Root Scanning (ms): Min: 0.0, Avg: 0.1, Max: 0.2, Diff: 0.2, Sum: 1.6]
      [Update RS (ms): Min: 0.0, Avg: 0.1, Max: 0.1, Diff: 0.1, Sum: 0.9]
         [Processed Buffers: Min: 0, Avg: 1.1, Max: 2, Diff: 2, Sum: 14]
      [Scan RS (ms): Min: 0.0, Avg: 0.0, Max: 0.0, Diff: 0.0, Sum: 0.2]
      [Code Root Scanning (ms): Min: 0.0, Avg: 0.0, Max: 0.0, Diff: 0.0, Sum: 0.0]
      [Object Copy (ms): Min: 10.7, Avg: 10.9, Max: 11.1, Diff: 0.4, Sum: 141.4]
      [Termination (ms): Min: 0.0, Avg: 0.2, Max: 0.4, Diff: 0.4, Sum: 3.0]
         [Termination Attempts: Min: 1, Avg: 1.0, Max: 1, Diff: 0, Sum: 13]
      [GC Worker Other (ms): Min: 0.0, Avg: 0.0, Max: 0.0, Diff: 0.0, Sum: 0.3]
      [GC Worker Total (ms): Min: 11.2, Avg: 11.3, Max: 11.4, Diff: 0.2, Sum: 147.4]
      [GC Worker End (ms): Min: 491.3, Avg: 491.3, Max: 491.3, Diff: 0.0]
   [Code Root Fixup: 0.0 ms]
   [Code Root Purge: 0.0 ms]
   [Clear CT: 0.1 ms]
   [Other: 0.5 ms]
      [Choose CSet: 0.0 ms]
      [Ref Proc: 0.1 ms]
      [Ref Enq: 0.0 ms]
      [Redirty Cards: 0.1 ms]
      [Humongous Register: 0.0 ms]
      [Humongous Reclaim: 0.0 ms]
      [Free CSet: 0.1 ms]
   [Eden: 238.0M(238.0M)->0.0B(348.0M) Survivors: 32.0M->34.0M Heap: 715.2M(4096.0M)->548.0M(4096.0M)]
 [Times: user=0.00 sys=0.00, real=0.01 secs] 
2022-01-15T13:54:19.294+0800: 0.553: [GC pause (G1 Evacuation Pause) (young), 0.0162167 secs]
   [Parallel Time: 15.5 ms, GC Workers: 13]
      [GC Worker Start (ms): Min: 553.4, Avg: 553.5, Max: 553.5, Diff: 0.1]
      [Ext Root Scanning (ms): Min: 0.1, Avg: 0.1, Max: 0.2, Diff: 0.1, Sum: 1.5]
      [Update RS (ms): Min: 0.0, Avg: 0.1, Max: 0.1, Diff: 0.0, Sum: 0.8]
         [Processed Buffers: Min: 1, Avg: 1.1, Max: 2, Diff: 1, Sum: 14]
      [Scan RS (ms): Min: 0.0, Avg: 0.0, Max: 0.0, Diff: 0.0, Sum: 0.2]
      [Code Root Scanning (ms): Min: 0.0, Avg: 0.0, Max: 0.0, Diff: 0.0, Sum: 0.0]
      [Object Copy (ms): Min: 14.8, Avg: 15.0, Max: 15.2, Diff: 0.4, Sum: 194.5]
      [Termination (ms): Min: 0.0, Avg: 0.2, Max: 0.4, Diff: 0.4, Sum: 3.2]
         [Termination Attempts: Min: 1, Avg: 1.0, Max: 1, Diff: 0, Sum: 13]
      [GC Worker Other (ms): Min: 0.0, Avg: 0.0, Max: 0.1, Diff: 0.0, Sum: 0.6]
      [GC Worker Total (ms): Min: 15.4, Avg: 15.4, Max: 15.5, Diff: 0.1, Sum: 200.8]
      [GC Worker End (ms): Min: 568.9, Avg: 568.9, Max: 568.9, Diff: 0.0]
   [Code Root Fixup: 0.0 ms]
   [Code Root Purge: 0.0 ms]
   [Clear CT: 0.1 ms]
   [Other: 0.6 ms]
      [Choose CSet: 0.0 ms]
      [Ref Proc: 0.1 ms]
      [Ref Enq: 0.0 ms]
      [Redirty Cards: 0.1 ms]
      [Humongous Register: 0.0 ms]
      [Humongous Reclaim: 0.0 ms]
      [Free CSet: 0.1 ms]
   [Eden: 348.0M(348.0M)->0.0B(350.0M) Survivors: 34.0M->48.0M Heap: 896.0M(4096.0M)->651.8M(4096.0M)]
 [Times: user=0.08 sys=0.13, real=0.02 secs] 
2022-01-15T13:54:19.358+0800: 0.617: [GC pause (G1 Evacuation Pause) (young), 0.0173388 secs]
   [Parallel Time: 16.7 ms, GC Workers: 13]
      [GC Worker Start (ms): Min: 617.1, Avg: 617.2, Max: 617.2, Diff: 0.1]
      [Ext Root Scanning (ms): Min: 0.1, Avg: 0.1, Max: 0.2, Diff: 0.1, Sum: 1.6]
      [Update RS (ms): Min: 0.1, Avg: 0.1, Max: 0.1, Diff: 0.1, Sum: 1.1]
         [Processed Buffers: Min: 1, Avg: 1.1, Max: 2, Diff: 1, Sum: 14]
      [Scan RS (ms): Min: 0.0, Avg: 0.0, Max: 0.0, Diff: 0.0, Sum: 0.3]
      [Code Root Scanning (ms): Min: 0.0, Avg: 0.0, Max: 0.0, Diff: 0.0, Sum: 0.0]
      [Object Copy (ms): Min: 15.7, Avg: 16.0, Max: 16.2, Diff: 0.5, Sum: 207.4]
      [Termination (ms): Min: 0.0, Avg: 0.3, Max: 0.5, Diff: 0.5, Sum: 3.8]
         [Termination Attempts: Min: 1, Avg: 1.0, Max: 1, Diff: 0, Sum: 13]
      [GC Worker Other (ms): Min: 0.0, Avg: 0.0, Max: 0.1, Diff: 0.1, Sum: 0.5]
      [GC Worker Total (ms): Min: 16.4, Avg: 16.5, Max: 16.6, Diff: 0.2, Sum: 214.6]
      [GC Worker End (ms): Min: 633.7, Avg: 633.7, Max: 633.7, Diff: 0.1]
   [Code Root Fixup: 0.0 ms]
   [Code Root Purge: 0.0 ms]
   [Clear CT: 0.1 ms]
   [Other: 0.6 ms]
      [Choose CSet: 0.0 ms]
      [Ref Proc: 0.1 ms]
      [Ref Enq: 0.0 ms]
      [Redirty Cards: 0.1 ms]
      [Humongous Register: 0.0 ms]
      [Humongous Reclaim: 0.0 ms]
      [Free CSet: 0.1 ms]
   [Eden: 350.0M(350.0M)->0.0B(396.0M) Survivors: 48.0M->50.0M Heap: 1001.8M(4096.0M)->756.7M(4096.0M)]
 [Times: user=0.09 sys=0.08, real=0.02 secs] 
2022-01-15T13:54:19.425+0800: 0.685: [GC pause (G1 Evacuation Pause) (young), 0.0188778 secs]
   [Parallel Time: 18.1 ms, GC Workers: 13]
      [GC Worker Start (ms): Min: 684.9, Avg: 685.0, Max: 685.0, Diff: 0.1]
      [Ext Root Scanning (ms): Min: 0.1, Avg: 0.1, Max: 0.2, Diff: 0.1, Sum: 1.6]
      [Update RS (ms): Min: 0.0, Avg: 0.1, Max: 0.1, Diff: 0.1, Sum: 1.1]
         [Processed Buffers: Min: 1, Avg: 1.1, Max: 2, Diff: 1, Sum: 14]
      [Scan RS (ms): Min: 0.0, Avg: 0.0, Max: 0.0, Diff: 0.0, Sum: 0.3]
      [Code Root Scanning (ms): Min: 0.0, Avg: 0.0, Max: 0.0, Diff: 0.0, Sum: 0.0]
      [Object Copy (ms): Min: 17.4, Avg: 17.6, Max: 17.7, Diff: 0.3, Sum: 228.2]
      [Termination (ms): Min: 0.0, Avg: 0.2, Max: 0.3, Diff: 0.3, Sum: 2.3]
         [Termination Attempts: Min: 1, Avg: 1.0, Max: 1, Diff: 0, Sum: 13]
      [GC Worker Other (ms): Min: 0.0, Avg: 0.0, Max: 0.1, Diff: 0.1, Sum: 0.6]
      [GC Worker Total (ms): Min: 18.0, Avg: 18.0, Max: 18.1, Diff: 0.1, Sum: 234.1]
      [GC Worker End (ms): Min: 702.9, Avg: 703.0, Max: 703.0, Diff: 0.1]
   [Code Root Fixup: 0.0 ms]
   [Code Root Purge: 0.0 ms]
   [Clear CT: 0.1 ms]
   [Other: 0.7 ms]
      [Choose CSet: 0.0 ms]
      [Ref Proc: 0.1 ms]
      [Ref Enq: 0.0 ms]
      [Redirty Cards: 0.1 ms]
      [Humongous Register: 0.1 ms]
      [Humongous Reclaim: 0.0 ms]
      [Free CSet: 0.1 ms]
   [Eden: 396.0M(396.0M)->0.0B(564.0M) Survivors: 50.0M->56.0M Heap: 1152.7M(4096.0M)->871.4M(4096.0M)]
 [Times: user=0.06 sys=0.14, real=0.02 secs] 
2022-01-15T13:54:19.542+0800: 0.802: [GC pause (G1 Evacuation Pause) (young), 0.0225886 secs]
   [Parallel Time: 21.8 ms, GC Workers: 13]
      [GC Worker Start (ms): Min: 801.8, Avg: 801.8, Max: 801.8, Diff: 0.1]
      [Ext Root Scanning (ms): Min: 0.1, Avg: 0.1, Max: 0.1, Diff: 0.1, Sum: 1.3]
      [Update RS (ms): Min: 0.1, Avg: 0.1, Max: 0.1, Diff: 0.0, Sum: 1.0]
         [Processed Buffers: Min: 1, Avg: 1.1, Max: 2, Diff: 1, Sum: 14]
      [Scan RS (ms): Min: 0.0, Avg: 0.0, Max: 0.0, Diff: 0.0, Sum: 0.4]
      [Code Root Scanning (ms): Min: 0.0, Avg: 0.0, Max: 0.0, Diff: 0.0, Sum: 0.0]
      [Object Copy (ms): Min: 21.2, Avg: 21.3, Max: 21.4, Diff: 0.3, Sum: 276.9]
      [Termination (ms): Min: 0.0, Avg: 0.2, Max: 0.3, Diff: 0.3, Sum: 2.0]
         [Termination Attempts: Min: 1, Avg: 1.0, Max: 1, Diff: 0, Sum: 13]
      [GC Worker Other (ms): Min: 0.0, Avg: 0.0, Max: 0.1, Diff: 0.0, Sum: 0.6]
      [GC Worker Total (ms): Min: 21.6, Avg: 21.7, Max: 21.8, Diff: 0.1, Sum: 282.3]
      [GC Worker End (ms): Min: 823.5, Avg: 823.5, Max: 823.5, Diff: 0.0]
   [Code Root Fixup: 0.0 ms]
   [Code Root Purge: 0.0 ms]
   [Clear CT: 0.2 ms]
   [Other: 0.6 ms]
      [Choose CSet: 0.0 ms]
      [Ref Proc: 0.1 ms]
      [Ref Enq: 0.0 ms]
      [Redirty Cards: 0.1 ms]
      [Humongous Register: 0.0 ms]
      [Humongous Reclaim: 0.0 ms]
      [Free CSet: 0.2 ms]
   [Eden: 564.0M(564.0M)->0.0B(2378.0M) Survivors: 56.0M->78.0M Heap: 1435.4M(4096.0M)->1008.8M(4096.0M)]
 [Times: user=0.11 sys=0.30, real=0.02 secs] 
Heap
 garbage-first heap   total 4194304K, used 2333465K [0x00000006c0000000, 0x00000006c0204000, 0x00000007c0000000)
  region size 2048K, 675 young (1382400K), 39 survivors (79872K)
 Metaspace       used 3897K, capacity 4572K, committed 4864K, reserved 1056768K
  class space    used 431K, capacity 460K, committed 512K, reserved 1048576K
