Java HotSpot(TM) 64-Bit Server VM (25.311-b11) for windows-amd64 JRE (1.8.0_311-b11), built on Sep 27 2021 05:15:14 by "java_re" with MS VC++ 15.9 (VS2017)
Memory: 4k page, physical 16110084k(4815888k free), swap 34984452k(11312612k free)
CommandLine flags: -XX:InitialHeapSize=4294967296 -XX:MaxHeapSize=4294967296 -XX:+PrintGC -XX:+PrintGCDateStamps -XX:+PrintGCDetails -XX:+PrintGCTimeStamps -XX:+UseCompressedClassPointers -XX:+UseCompressedOops -XX:-UseLargePagesIndividualAllocation -XX:+UseSerialGC 
2022-01-15T13:54:56.514+0800: 0.462: [GC (Allocation Failure) 2022-01-15T13:54:56.514+0800: 0.462: [DefNew: 1118528K->139776K(1258304K), 0.0800398 secs] 1118528K->223662K(4054528K), 0.0802500 secs] [Times: user=0.02 sys=0.06, real=0.08 secs] 
2022-01-15T13:54:56.768+0800: 0.717: [GC (Allocation Failure) 2022-01-15T13:54:56.768+0800: 0.717: [DefNew: 1258304K->139775K(1258304K), 0.1008414 secs] 1342190K->377384K(4054528K), 0.1009328 secs] [Times: user=0.02 sys=0.08, real=0.10 secs] 
2022-01-15T13:54:57.011+0800: 0.959: [GC (Allocation Failure) 2022-01-15T13:54:57.011+0800: 0.959: [DefNew: 1258303K->139776K(1258304K), 0.0699290 secs] 1495912K->530215K(4054528K), 0.0700224 secs] [Times: user=0.03 sys=0.05, real=0.07 secs] 
Heap
 def new generation   total 1258304K, used 714002K [0x00000006c0000000, 0x0000000715550000, 0x0000000715550000)
  eden space 1118528K,  51% used [0x00000006c0000000, 0x00000006e30c4830, 0x0000000704450000)
  from space 139776K, 100% used [0x000000070ccd0000, 0x0000000715550000, 0x0000000715550000)
  to   space 139776K,   0% used [0x0000000704450000, 0x0000000704450000, 0x000000070ccd0000)
 tenured generation   total 2796224K, used 390439K [0x0000000715550000, 0x00000007c0000000, 0x00000007c0000000)
   the space 2796224K,  13% used [0x0000000715550000, 0x000000072d299f38, 0x000000072d29a000, 0x00000007c0000000)
 Metaspace       used 3897K, capacity 4572K, committed 4864K, reserved 1056768K
  class space    used 431K, capacity 460K, committed 512K, reserved 1048576K
