Java HotSpot(TM) 64-Bit Server VM (25.311-b11) for windows-amd64 JRE (1.8.0_311-b11), built on Sep 27 2021 05:15:14 by "java_re" with MS VC++ 15.9 (VS2017)
Memory: 4k page, physical 16110084k(4841444k free), swap 34984452k(11313172k free)
CommandLine flags: -XX:InitialHeapSize=1073741824 -XX:MaxHeapSize=1073741824 -XX:+PrintGC -XX:+PrintGCDateStamps -XX:+PrintGCDetails -XX:+PrintGCTimeStamps -XX:+UseCompressedClassPointers -XX:+UseCompressedOops -XX:-UseLargePagesIndividualAllocation -XX:+UseSerialGC 
2022-01-15T13:56:14.689+0800: 0.173: [GC (Allocation Failure) 2022-01-15T13:56:14.690+0800: 0.174: [DefNew: 279539K->34944K(314560K), 0.0313917 secs] 279539K->86721K(1013632K), 0.0316025 secs] [Times: user=0.03 sys=0.00, real=0.03 secs] 
2022-01-15T13:56:14.789+0800: 0.273: [GC (Allocation Failure) 2022-01-15T13:56:14.789+0800: 0.273: [DefNew: 314560K->34943K(314560K), 0.0431248 secs] 366337K->170197K(1013632K), 0.0431840 secs] [Times: user=0.00 sys=0.05, real=0.04 secs] 
2022-01-15T13:56:14.869+0800: 0.353: [GC (Allocation Failure) 2022-01-15T13:56:14.869+0800: 0.353: [DefNew: 314559K->34943K(314560K), 0.0314085 secs] 449813K->246546K(1013632K), 0.0314731 secs] [Times: user=0.02 sys=0.02, real=0.03 secs] 
2022-01-15T13:56:14.940+0800: 0.424: [GC (Allocation Failure) 2022-01-15T13:56:14.940+0800: 0.424: [DefNew: 314367K->34943K(314560K), 0.0355504 secs] 525970K->330893K(1013632K), 0.0356202 secs] [Times: user=0.02 sys=0.02, real=0.04 secs] 
2022-01-15T13:56:15.014+0800: 0.498: [GC (Allocation Failure) 2022-01-15T13:56:15.014+0800: 0.498: [DefNew: 314559K->34943K(314560K), 0.0327428 secs] 610509K->405492K(1013632K), 0.0328166 secs] [Times: user=0.03 sys=0.00, real=0.03 secs] 
2022-01-15T13:56:15.085+0800: 0.569: [GC (Allocation Failure) 2022-01-15T13:56:15.085+0800: 0.569: [DefNew: 314559K->34944K(314560K), 0.0373628 secs] 685108K->485494K(1013632K), 0.0374513 secs] [Times: user=0.03 sys=0.00, real=0.04 secs] 
2022-01-15T13:56:15.161+0800: 0.645: [GC (Allocation Failure) 2022-01-15T13:56:15.161+0800: 0.645: [DefNew: 314560K->34944K(314560K), 0.0341747 secs] 765110K->566156K(1013632K), 0.0342582 secs] [Times: user=0.00 sys=0.03, real=0.03 secs] 
2022-01-15T13:56:15.230+0800: 0.714: [GC (Allocation Failure) 2022-01-15T13:56:15.230+0800: 0.714: [DefNew: 314560K->34944K(314560K), 0.0338812 secs] 845772K->650041K(1013632K), 0.0339543 secs] [Times: user=0.00 sys=0.03, real=0.03 secs] 
2022-01-15T13:56:15.301+0800: 0.784: [GC (Allocation Failure) 2022-01-15T13:56:15.301+0800: 0.784: [DefNew: 314560K->314560K(314560K), 0.0000146 secs]2022-01-15T13:56:15.301+0800: 0.784: [Tenured: 615097K->379675K(699072K), 0.0462727 secs] 929657K->379675K(1013632K), [Metaspace: 3370K->3370K(1056768K)], 0.0463870 secs] [Times: user=0.05 sys=0.00, real=0.05 secs] 
2022-01-15T13:56:15.383+0800: 0.866: [GC (Allocation Failure) 2022-01-15T13:56:15.383+0800: 0.866: [DefNew: 279616K->34943K(314560K), 0.0116246 secs] 659291K->468858K(1013632K), 0.0117095 secs] [Times: user=0.01 sys=0.00, real=0.01 secs] 
2022-01-15T13:56:15.431+0800: 0.915: [GC (Allocation Failure) 2022-01-15T13:56:15.431+0800: 0.915: [DefNew: 314559K->34943K(314560K), 0.0154770 secs] 748474K->548204K(1013632K), 0.0155672 secs] [Times: user=0.02 sys=0.00, real=0.02 secs] 
2022-01-15T13:56:15.485+0800: 0.969: [GC (Allocation Failure) 2022-01-15T13:56:15.485+0800: 0.969: [DefNew: 314559K->34943K(314560K), 0.0150294 secs] 827820K->632423K(1013632K), 0.0151015 secs] [Times: user=0.02 sys=0.00, real=0.02 secs] 
2022-01-15T13:56:15.536+0800: 1.019: [GC (Allocation Failure) 2022-01-15T13:56:15.536+0800: 1.019: [DefNew: 314559K->34940K(314560K), 0.0326087 secs] 912039K->726222K(1013632K), 0.0326911 secs] [Times: user=0.00 sys=0.03, real=0.03 secs] 
Heap
 def new generation   total 314560K, used 289416K [0x00000000c0000000, 0x00000000d5550000, 0x00000000d5550000)
  eden space 279616K,  91% used [0x00000000c0000000, 0x00000000cf883070, 0x00000000d1110000)
  from space 34944K,  99% used [0x00000000d1110000, 0x00000000d332f278, 0x00000000d3330000)
  to   space 34944K,   0% used [0x00000000d3330000, 0x00000000d3330000, 0x00000000d5550000)
 tenured generation   total 699072K, used 691281K [0x00000000d5550000, 0x0000000100000000, 0x0000000100000000)
   the space 699072K,  98% used [0x00000000d5550000, 0x00000000ff8646c8, 0x00000000ff864800, 0x0000000100000000)
 Metaspace       used 3898K, capacity 4572K, committed 4864K, reserved 1056768K
  class space    used 431K, capacity 460K, committed 512K, reserved 1048576K
