Java HotSpot(TM) 64-Bit Server VM (25.311-b11) for windows-amd64 JRE (1.8.0_311-b11), built on Sep 27 2021 05:15:14 by "java_re" with MS VC++ 15.9 (VS2017)
Memory: 4k page, physical 16110084k(4813268k free), swap 34984452k(11311424k free)
CommandLine flags: -XX:InitialHeapSize=2147483648 -XX:MaxHeapSize=2147483648 -XX:+PrintGC -XX:+PrintGCDateStamps -XX:+PrintGCDetails -XX:+PrintGCTimeStamps -XX:+UseCompressedClassPointers -XX:+UseCompressedOops -XX:-UseLargePagesIndividualAllocation -XX:+UseSerialGC 
2022-01-15T13:55:34.870+0800: 0.267: [GC (Allocation Failure) 2022-01-15T13:55:34.870+0800: 0.267: [DefNew: 559232K->69887K(629120K), 0.0506566 secs] 559232K->140890K(2027264K), 0.0508519 secs] [Times: user=0.02 sys=0.03, real=0.05 secs] 
2022-01-15T13:55:35.018+0800: 0.415: [GC (Allocation Failure) 2022-01-15T13:55:35.018+0800: 0.415: [DefNew: 629119K->69888K(629120K), 0.0704759 secs] 700122K->263402K(2027264K), 0.0705483 secs] [Times: user=0.03 sys=0.03, real=0.07 secs] 
2022-01-15T13:55:35.165+0800: 0.562: [GC (Allocation Failure) 2022-01-15T13:55:35.165+0800: 0.562: [DefNew: 629120K->69888K(629120K), 0.0596557 secs] 822634K->388866K(2027264K), 0.0597366 secs] [Times: user=0.03 sys=0.03, real=0.06 secs] 
2022-01-15T13:55:35.300+0800: 0.698: [GC (Allocation Failure) 2022-01-15T13:55:35.300+0800: 0.698: [DefNew: 629120K->69887K(629120K), 0.0546290 secs] 948098K->517712K(2027264K), 0.0547051 secs] [Times: user=0.03 sys=0.02, real=0.06 secs] 
2022-01-15T13:55:35.426+0800: 0.824: [GC (Allocation Failure) 2022-01-15T13:55:35.426+0800: 0.824: [DefNew: 629119K->69887K(629120K), 0.0507484 secs] 1076944K->638404K(2027264K), 0.0508306 secs] [Times: user=0.00 sys=0.05, real=0.05 secs] 
2022-01-15T13:55:35.548+0800: 0.945: [GC (Allocation Failure) 2022-01-15T13:55:35.548+0800: 0.945: [DefNew: 629119K->69887K(629120K), 0.0543152 secs] 1197636K->769395K(2027264K), 0.0543936 secs] [Times: user=0.06 sys=0.00, real=0.05 secs] 
2022-01-15T13:55:35.665+0800: 1.062: [GC (Allocation Failure) 2022-01-15T13:55:35.665+0800: 1.062: [DefNew: 629119K->69888K(629120K), 0.0505369 secs] 1328627K->889970K(2027264K), 0.0506123 secs] [Times: user=0.05 sys=0.00, real=0.05 secs] 
Heap
 def new generation   total 629120K, used 86568K [0x0000000080000000, 0x00000000aaaa0000, 0x00000000aaaa0000)
  eden space 559232K,   2% used [0x0000000080000000, 0x000000008104a288, 0x00000000a2220000)
  from space 69888K, 100% used [0x00000000a6660000, 0x00000000aaaa0000, 0x00000000aaaa0000)
  to   space 69888K,   0% used [0x00000000a2220000, 0x00000000a2220000, 0x00000000a6660000)
 tenured generation   total 1398144K, used 820082K [0x00000000aaaa0000, 0x0000000100000000, 0x0000000100000000)
   the space 1398144K,  58% used [0x00000000aaaa0000, 0x00000000dcb7c960, 0x00000000dcb7ca00, 0x0000000100000000)
 Metaspace       used 3897K, capacity 4572K, committed 4864K, reserved 1056768K
  class space    used 431K, capacity 460K, committed 512K, reserved 1048576K
