Java HotSpot(TM) 64-Bit Server VM (25.311-b11) for windows-amd64 JRE (1.8.0_311-b11), built on Sep 27 2021 05:15:14 by "java_re" with MS VC++ 15.9 (VS2017)
Memory: 4k page, physical 16110084k(4586236k free), swap 34984452k(12847380k free)
CommandLine flags: -XX:InitialHeapSize=536870912 -XX:MaxHeapSize=536870912 -XX:+PrintGC -XX:+PrintGCDateStamps -XX:+PrintGCDetails -XX:+PrintGCTimeStamps -XX:+UseCompressedClassPointers -XX:+UseCompressedOops -XX:-UseLargePagesIndividualAllocation -XX:+UseSerialGC 
2022-01-15T13:22:18.349+0800: 0.130: [GC (Allocation Failure) 2022-01-15T13:22:18.349+0800: 0.130: [DefNew: 139585K->17472K(157248K), 0.0174884 secs] 139585K->45930K(506816K), 0.0176594 secs] [Times: user=0.00 sys=0.02, real=0.02 secs] 
2022-01-15T13:22:18.386+0800: 0.167: [GC (Allocation Failure) 2022-01-15T13:22:18.386+0800: 0.168: [DefNew: 157248K->17467K(157248K), 0.0209662 secs] 185706K->85730K(506816K), 0.0210329 secs] [Times: user=0.00 sys=0.01, real=0.02 secs] 
2022-01-15T13:22:18.427+0800: 0.208: [GC (Allocation Failure) 2022-01-15T13:22:18.427+0800: 0.208: [DefNew: 157243K->17466K(157248K), 0.0152806 secs] 225506K->121550K(506816K), 0.0153634 secs] [Times: user=0.00 sys=0.02, real=0.01 secs] 
2022-01-15T13:22:18.460+0800: 0.241: [GC (Allocation Failure) 2022-01-15T13:22:18.460+0800: 0.241: [DefNew: 157242K->17471K(157248K), 0.0166883 secs] 261326K->162046K(506816K), 0.0167878 secs] [Times: user=0.02 sys=0.00, real=0.02 secs] 
2022-01-15T13:22:18.497+0800: 0.278: [GC (Allocation Failure) 2022-01-15T13:22:18.497+0800: 0.278: [DefNew: 157247K->17471K(157248K), 0.0165762 secs] 301822K->200893K(506816K), 0.0166631 secs] [Times: user=0.00 sys=0.02, real=0.02 secs] 
2022-01-15T13:22:18.532+0800: 0.313: [GC (Allocation Failure) 2022-01-15T13:22:18.532+0800: 0.313: [DefNew: 157247K->17470K(157248K), 0.0170482 secs] 340669K->243018K(506816K), 0.0171185 secs] [Times: user=0.02 sys=0.02, real=0.02 secs] 
2022-01-15T13:22:18.567+0800: 0.348: [GC (Allocation Failure) 2022-01-15T13:22:18.567+0800: 0.348: [DefNew: 157246K->17468K(157248K), 0.0200767 secs] 382794K->292258K(506816K), 0.0201374 secs] [Times: user=0.02 sys=0.00, real=0.02 secs] 
2022-01-15T13:22:18.606+0800: 0.387: [GC (Allocation Failure) 2022-01-15T13:22:18.606+0800: 0.387: [DefNew: 157244K->17472K(157248K), 0.0172939 secs] 432034K->332447K(506816K), 0.0173714 secs] [Times: user=0.00 sys=0.02, real=0.02 secs] 
2022-01-15T13:22:18.641+0800: 0.422: [GC (Allocation Failure) 2022-01-15T13:22:18.641+0800: 0.423: [DefNew: 157248K->157248K(157248K), 0.0000165 secs]2022-01-15T13:22:18.641+0800: 0.423: [Tenured: 314975K->261261K(349568K), 0.0327526 secs] 472223K->261261K(506816K), [Metaspace: 3370K->3370K(1056768K)], 0.0328612 secs] [Times: user=0.05 sys=0.00, real=0.03 secs] 
2022-01-15T13:22:18.692+0800: 0.473: [GC (Allocation Failure) 2022-01-15T13:22:18.692+0800: 0.474: [DefNew: 139776K->17471K(157248K), 0.0071698 secs] 401037K->313571K(506816K), 0.0072368 secs] [Times: user=0.00 sys=0.00, real=0.01 secs] 
2022-01-15T13:22:18.718+0800: 0.499: [GC (Allocation Failure) 2022-01-15T13:22:18.718+0800: 0.499: [DefNew: 157247K->17471K(157248K), 0.0132190 secs] 453347K->356243K(506816K), 0.0132914 secs] [Times: user=0.02 sys=0.00, real=0.01 secs] 
2022-01-15T13:22:18.750+0800: 0.531: [GC (Allocation Failure) 2022-01-15T13:22:18.750+0800: 0.532: [DefNew: 157241K->157241K(157248K), 0.0000135 secs]2022-01-15T13:22:18.750+0800: 0.532: [Tenured: 338771K->294950K(349568K), 0.0370845 secs] 496013K->294950K(506816K), [Metaspace: 3370K->3370K(1056768K)], 0.0371785 secs] [Times: user=0.05 sys=0.00, real=0.04 secs] 
2022-01-15T13:22:18.806+0800: 0.587: [GC (Allocation Failure) 2022-01-15T13:22:18.806+0800: 0.587: [DefNew: 139776K->17470K(157248K), 0.0060694 secs] 434726K->338276K(506816K), 0.0061372 secs] [Times: user=0.00 sys=0.00, real=0.01 secs] 
2022-01-15T13:22:18.832+0800: 0.613: [GC (Allocation Failure) 2022-01-15T13:22:18.832+0800: 0.613: [DefNew: 157246K->157246K(157248K), 0.0000165 secs]2022-01-15T13:22:18.832+0800: 0.613: [Tenured: 320805K->317838K(349568K), 0.0412628 secs] 478052K->317838K(506816K), [Metaspace: 3370K->3370K(1056768K)], 0.0414319 secs] [Times: user=0.03 sys=0.00, real=0.04 secs] 
2022-01-15T13:22:18.892+0800: 0.673: [GC (Allocation Failure) 2022-01-15T13:22:18.892+0800: 0.673: [DefNew: 139776K->139776K(157248K), 0.0000203 secs]2022-01-15T13:22:18.892+0800: 0.673: [Tenured: 317838K->305299K(349568K), 0.0403156 secs] 457614K->305299K(506816K), [Metaspace: 3370K->3370K(1056768K)], 0.0404254 secs] [Times: user=0.03 sys=0.00, real=0.04 secs] 
2022-01-15T13:22:18.951+0800: 0.732: [GC (Allocation Failure) 2022-01-15T13:22:18.951+0800: 0.732: [DefNew: 139776K->17470K(157248K), 0.0065654 secs] 445075K->351549K(506816K), 0.0066304 secs] [Times: user=0.02 sys=0.00, real=0.01 secs] 
2022-01-15T13:22:18.976+0800: 0.757: [GC (Allocation Failure) 2022-01-15T13:22:18.976+0800: 0.757: [DefNew: 157246K->157246K(157248K), 0.0000142 secs]2022-01-15T13:22:18.976+0800: 0.757: [Tenured: 334078K->333991K(349568K), 0.0361453 secs] 491325K->333991K(506816K), [Metaspace: 3370K->3370K(1056768K)], 0.0362348 secs] [Times: user=0.03 sys=0.00, real=0.04 secs] 
2022-01-15T13:22:19.031+0800: 0.812: [GC (Allocation Failure) 2022-01-15T13:22:19.031+0800: 0.812: [DefNew: 139776K->139776K(157248K), 0.0000149 secs]2022-01-15T13:22:19.031+0800: 0.812: [Tenured: 333991K->342946K(349568K), 0.0368548 secs] 473767K->342946K(506816K), [Metaspace: 3370K->3370K(1056768K)], 0.0369513 secs] [Times: user=0.05 sys=0.00, real=0.04 secs] 
2022-01-15T13:22:19.086+0800: 0.867: [GC (Allocation Failure) 2022-01-15T13:22:19.086+0800: 0.867: [DefNew: 139776K->139776K(157248K), 0.0000156 secs]2022-01-15T13:22:19.086+0800: 0.867: [Tenured: 342946K->348871K(349568K), 0.0407984 secs] 482722K->348871K(506816K), [Metaspace: 3370K->3370K(1056768K)], 0.0409084 secs] [Times: user=0.03 sys=0.01, real=0.04 secs] 
2022-01-15T13:22:19.144+0800: 0.926: [GC (Allocation Failure) 2022-01-15T13:22:19.144+0800: 0.926: [DefNew: 139776K->139776K(157248K), 0.0000172 secs]2022-01-15T13:22:19.144+0800: 0.926: [Tenured: 348871K->339365K(349568K), 0.0413690 secs] 488647K->339365K(506816K), [Metaspace: 3370K->3370K(1056768K)], 0.0414788 secs] [Times: user=0.03 sys=0.00, real=0.04 secs] 
2022-01-15T13:22:19.204+0800: 0.985: [GC (Allocation Failure) 2022-01-15T13:22:19.204+0800: 0.985: [DefNew: 139776K->139776K(157248K), 0.0000185 secs]2022-01-15T13:22:19.204+0800: 0.985: [Tenured: 339365K->349439K(349568K), 0.0285156 secs] 479141K->363368K(506816K), [Metaspace: 3370K->3370K(1056768K)], 0.0286372 secs] [Times: user=0.03 sys=0.00, real=0.03 secs] 
2022-01-15T13:22:19.251+0800: 1.032: [Full GC (Allocation Failure) 2022-01-15T13:22:19.251+0800: 1.032: [Tenured: 349439K->349509K(349568K), 0.0364028 secs] 506388K->359674K(506816K), [Metaspace: 3370K->3370K(1056768K)], 0.0365057 secs] [Times: user=0.05 sys=0.00, real=0.04 secs] 
Heap
 def new generation   total 157248K, used 88529K [0x00000000e0000000, 0x00000000eaaa0000, 0x00000000eaaa0000)
  eden space 139776K,  63% used [0x00000000e0000000, 0x00000000e5674570, 0x00000000e8880000)
  from space 17472K,   0% used [0x00000000e8880000, 0x00000000e8880000, 0x00000000e9990000)
  to   space 17472K,   0% used [0x00000000e9990000, 0x00000000e9990000, 0x00000000eaaa0000)
 tenured generation   total 349568K, used 349509K [0x00000000eaaa0000, 0x0000000100000000, 0x0000000100000000)
   the space 349568K,  99% used [0x00000000eaaa0000, 0x00000000ffff1628, 0x00000000ffff1800, 0x0000000100000000)
 Metaspace       used 3672K, capacity 4540K, committed 4864K, reserved 1056768K
  class space    used 405K, capacity 428K, committed 512K, reserved 1048576K
